Archive member included because of file (symbol)

contiki-z1.a(contiki-z1-plat)
                              obj_z1/contiki-z1-main.o (init_platform)
contiki-z1.a(msp430.o)        obj_z1/contiki-z1-main.o (splhigh_)
contiki-z1.a(leds.o)          obj_z1/contiki-z1-main.o (leds_init)
contiki-z1.a(watchdog.o)      obj_z1/contiki-z1-main.o (watchdog_start)
contiki-z1.a(xmem.o)          obj_z1/contiki-z1-main.o (xmem_init)
contiki-z1.a(spi.o)           contiki-z1.a(xmem.o) (spi_init)
contiki-z1.a(cc2420.o)        obj_z1/contiki-z1-main.o (cc2420_set_pan_addr)
contiki-z1.a(cc2420-arch.o)   contiki-z1.a(cc2420.o) (cc2420_arch_init)
contiki-z1.a(node-id.o)       obj_z1/contiki-z1-main.o (node_id_restore)
contiki-z1.a(sensors.o)       contiki-z1.a(contiki-z1-plat) (sensors_process)
contiki-z1.a(cfs-coffee.o)    test.co (cfs_open)
contiki-z1.a(uart0.o)         obj_z1/contiki-z1-main.o (uart0_active)
contiki-z1.a(uart0-putchar.o)
                              obj_z1/contiki-z1-main.o (putchar)
contiki-z1.a(z1-sensors.o)    contiki-z1.a(sensors.o) (sensors_flags)
contiki-z1.a(adxl345.o)       obj_z1/contiki-z1-main.o (adxl345)
contiki-z1.a(tmp102.o)        contiki-z1.a(z1-sensors.o) (tmp102)
contiki-z1.a(clock.o)         obj_z1/contiki-z1-main.o (clock_init)
contiki-z1.a(leds-arch.o)     contiki-z1.a(leds.o) (leds_arch_init)
contiki-z1.a(rtimer-arch.o)   obj_z1/contiki-z1-main.o (rtimer_arch_now)
contiki-z1.a(autostart.o)     obj_z1/contiki-z1-main.o (autostart_start)
contiki-z1.a(energest.o)      obj_z1/contiki-z1-main.o (energest_init)
contiki-z1.a(etimer.o)        contiki-z1.a(clock.o) (etimer_request_poll)
contiki-z1.a(ctimer.o)        obj_z1/contiki-z1-main.o (ctimer_init)
contiki-z1.a(process.o)       contiki-z1.a(etimer.o) (process_current)
contiki-z1.a(rtimer.o)        obj_z1/contiki-z1-main.o (rtimer_init)
contiki-z1.a(timer.o)         contiki-z1.a(adxl345.o) (timer_set)
contiki-z1.a(list.o)          contiki-z1.a(ctimer.o) (list_init)
contiki-z1.a(random.o)        obj_z1/contiki-z1-main.o (random_init)
contiki-z1.a(assert.o)        test.co (_xassert)
contiki-z1.a(uip-ds6.o)       obj_z1/contiki-z1-main.o (uip_ds6_get_link_local)
contiki-z1.a(uip-ds6-route.o)
                              contiki-z1.a(uip-ds6.o) (uip_ds6_route_init)
contiki-z1.a(uip6.o)          obj_z1/contiki-z1-main.o (uip_lladdr)
contiki-z1.a(uip-ds6-nbr.o)   contiki-z1.a(uip-ds6.o) (uip_ds6_neighbors_init)
contiki-z1.a(uip-nd6.o)       contiki-z1.a(uip6.o) (uip_nd6_init)
contiki-z1.a(sicslowpan.o)    obj_z1/contiki-z1-main.o (sicslowpan_driver)
contiki-z1.a(uip-debug.o)     contiki-z1.a(uip-ds6-route.o) (uip_debug_ipaddr_print)
contiki-z1.a(tcpip.o)         contiki-z1.a(sicslowpan.o) (tcpip_set_outputfunc)
contiki-z1.a(rpl-dag.o)       contiki-z1.a(tcpip.o) (rpl_repair_root)
contiki-z1.a(rpl-timers.o)    contiki-z1.a(rpl-dag.o) (rpl_reset_dio_timer)
contiki-z1.a(rpl-ext-header.)
                              contiki-z1.a(uip6.o) (rpl_verify_hbh_header)
contiki-z1.a(rpl.o)           contiki-z1.a(rpl-timers.o) (rpl_get_mode)
contiki-z1.a(rpl-mrhof.o)     contiki-z1.a(rpl-dag.o) (rpl_mrhof)
contiki-z1.a(rpl-icmp6.o)     contiki-z1.a(rpl-dag.o) (rpl_icmp6_update_nbr_table)
contiki-z1.a(queuebuf.o)      obj_z1/contiki-z1-main.o (queuebuf_init)
contiki-z1.a(nbr-table.o)     contiki-z1.a(uip-ds6-route.o) (nbr_table_register)
contiki-z1.a(packetbuf.o)     contiki-z1.a(cc2420.o) (packetbuf_set_datalen)
contiki-z1.a(linkaddr.o)      obj_z1/contiki-z1-main.o (linkaddr_copy)
contiki-z1.a(link-stats.o)    contiki-z1.a(rpl-dag.o) (link_stats_from_lladdr)
contiki-z1.a(csma.o)          obj_z1/contiki-z1-main.o (csma_driver)
contiki-z1.a(mac.o)           contiki-z1.a(csma.o) (mac_call_sent_callback)
contiki-z1.a(framer-802154.o)
                              contiki-z1.a(sicslowpan.o) (framer_802154)
contiki-z1.a(contikimac.o)    obj_z1/contiki-z1-main.o (contikimac_driver)
contiki-z1.a(nullsec.o)       obj_z1/contiki-z1-main.o (nullsec_driver)
contiki-z1.a(i2cmaster.o)     contiki-z1.a(adxl345.o) (i2c_receiveinit)
contiki-z1.a(button-sensor.o)
                              contiki-z1.a(z1-sensors.o) (button_sensor)
contiki-z1.a(stimer.o)        contiki-z1.a(uip-ds6.o) (stimer_set)
contiki-z1.a(memb.o)          contiki-z1.a(uip-ds6-route.o) (memb_init)
contiki-z1.a(uip-icmp6.o)     contiki-z1.a(uip6.o) (uip_icmp6_input)
contiki-z1.a(rpl-nbr-policy.)
                              contiki-z1.a(nbr-table.o) (rpl_nbr_policy_find_removable)
contiki-z1.a(mac-sequence.o)  contiki-z1.a(contikimac.o) (mac_sequence_is_duplicate)
contiki-z1.a(frame802154.o)   contiki-z1.a(framer-802154.o) (frame802154_get_pan_id)
/usr/lib/gcc/msp430/4.6.3/mcpu-430x/mmpy-16/libgcc.a(_mulsi3.o)
                              contiki-z1.a(cfs-coffee.o) (__mulsi3)
/usr/lib/gcc/msp430/4.6.3/mcpu-430x/mmpy-16/libgcc.a(_udivmod16.o)
                              contiki-z1.a(cfs-coffee.o) (__udivhi3)
/usr/lib/gcc/msp430/4.6.3/mcpu-430x/mmpy-16/libgcc.a(_divmod16.o)
[...]
Memory Configuration

Name             Origin             Length             Attributes
sfr              0x0000000000000000 0x0000000000000010
peripheral_8bit  0x0000000000000010 0x00000000000000f0
peripheral_16bit 0x0000000000000100 0x0000000000000100
ram_mirror       0x0000000000000200 0x0000000000000800 xw
infomem          0x0000000000001000 0x0000000000000100
infod            0x0000000000001000 0x0000000000000040
infoc            0x0000000000001040 0x0000000000000040
infob            0x0000000000001080 0x0000000000000040
infoa            0x00000000000010c0 0x0000000000000040
ram              0x0000000000001100 0x0000000000002000 xw
rom              0x0000000000003100 0x000000000000cebe xr
vectors          0x000000000000ffc0 0x0000000000000040
far_rom          0x0000000000010000 0x000000000000a000
bsl              0x0000000000000000 0x0000000000000000
ram2             0x0000000000000000 0x0000000000000000 xw
usbram           0x0000000000000000 0x0000000000000000 xw
*default*        0x0000000000000000 0xffffffffffffffff

Linker script and memory map

LOAD /usr/lib/gcc/msp430/4.6.3/mcpu-430x/mmpy-16/crt0ivtbl32.o
                0x0000000000000041                __P1SEL2 = 0x41
                0x0000000000000045                __P5SEL2 = 0x45
LOAD test.co
LOAD obj_z1/contiki-z1-main.o
LOAD contiki-z1.a
LOAD /usr/lib/gcc/msp430/4.6.3/mcpu-430x/mmpy-16/libgcc.a
LOAD /usr/lib/gcc/msp430/4.6.3/../../../../msp430/lib/mcpu-430x/mmpy-16/libc.a
LOAD /usr/lib/gcc/msp430/4.6.3/mcpu-430x/mmpy-16/libgcc.a
LOAD /usr/lib/gcc/msp430/4.6.3/mcpu-430x/mmpy-16/libcrt0.a
                0x0000000000000040                PROVIDE (__info_segment_size, 0x40)
                0x0000000000001000                PROVIDE (__infod, 0x1000)
                0x0000000000001040                PROVIDE (__infoc, 0x1040)
                0x0000000000001080                PROVIDE (__infob, 0x1080)
                0x00000000000010c0                PROVIDE (__infoa, 0x10c0)
                0x0000000000000000                __IE1 = 0x0
                0x0000000000000002                __IFG1 = 0x2
                0x0000000000000001                __IE2 = 0x1
                0x0000000000000003                __IFG2 = 0x3
                0x0000000000000006                __UC1IE = 0x6
                0x0000000000000007                __UC1IFG = 0x7
                0x00000000000001a0                __ADC12CTL0 = 0x1a0
                0x00000000000001a2                __ADC12CTL1 = 0x1a2
                0x00000000000001a4                __ADC12IFG = 0x1a4
                0x00000000000001a6                __ADC12IE = 0x1a6
                0x00000000000001a8                __ADC12IV = 0x1a8
                0x0000000000000140                __ADC12MEM0 = 0x140
                0x0000000000000142                __ADC12MEM1 = 0x142
                0x0000000000000144                __ADC12MEM2 = 0x144
                0x0000000000000146                __ADC12MEM3 = 0x146
                0x0000000000000148                __ADC12MEM4 = 0x148
                0x000000000000014a                __ADC12MEM5 = 0x14a
                0x000000000000014c                __ADC12MEM6 = 0x14c
                0x000000000000014e                __ADC12MEM7 = 0x14e
                0x0000000000000150                __ADC12MEM8 = 0x150
                0x0000000000000152                __ADC12MEM9 = 0x152
                0x0000000000000154                __ADC12MEM10 = 0x154
                0x0000000000000156                __ADC12MEM11 = 0x156
                0x0000000000000158                __ADC12MEM12 = 0x158
                0x000000000000015a                __ADC12MEM13 = 0x15a
                0x000000000000015c                __ADC12MEM14 = 0x15c
                0x000000000000015e                __ADC12MEM15 = 0x15e
                0x0000000000000080                __ADC12MCTL0 = 0x80
                0x0000000000000081                __ADC12MCTL1 = 0x81
                0x0000000000000082                __ADC12MCTL2 = 0x82
                0x0000000000000083                __ADC12MCTL3 = 0x83
                0x0000000000000084                __ADC12MCTL4 = 0x84
                0x0000000000000085                __ADC12MCTL5 = 0x85
                0x0000000000000086                __ADC12MCTL6 = 0x86
                0x0000000000000087                __ADC12MCTL7 = 0x87
                0x0000000000000088                __ADC12MCTL8 = 0x88
                0x0000000000000089                __ADC12MCTL9 = 0x89
                0x000000000000008a                __ADC12MCTL10 = 0x8a
                0x000000000000008b                __ADC12MCTL11 = 0x8b
                0x000000000000008c                __ADC12MCTL12 = 0x8c
                0x000000000000008d                __ADC12MCTL13 = 0x8d
                0x000000000000008e                __ADC12MCTL14 = 0x8e
                0x000000000000008f                __ADC12MCTL15 = 0x8f
                0x0000000000000056                __DCOCTL = 0x56
                0x0000000000000057                __BCSCTL1 = 0x57
                0x0000000000000058                __BCSCTL2 = 0x58
                0x0000000000000053                __BCSCTL3 = 0x53
                0x0000000000000059                __CACTL1 = 0x59
                0x000000000000005a                __CACTL2 = 0x5a
                0x000000000000005b                __CAPD = 0x5b
                0x00000000000001c0                __DAC12_0CTL = 0x1c0
                0x00000000000001c2                __DAC12_1CTL = 0x1c2
                0x00000000000001c8                __DAC12_0DAT = 0x1c8
                0x00000000000001ca                __DAC12_1DAT = 0x1ca
                0x0000000000000122                __DMACTL0 = 0x122
                0x0000000000000124                __DMACTL1 = 0x124
                0x0000000000000126                __DMAIV = 0x126
                0x00000000000001d0                __DMA0CTL = 0x1d0
                0x00000000000001dc                __DMA1CTL = 0x1dc
                0x00000000000001e8                __DMA2CTL = 0x1e8
                0x00000000000001d2                __DMA0SA = 0x1d2
                0x00000000000001d2                __DMA0SAL = 0x1d2
                0x00000000000001d6                __DMA0DA = 0x1d6
                0x00000000000001d6                __DMA0DAL = 0x1d6
                0x00000000000001da                __DMA0SZ = 0x1da
                0x00000000000001de                __DMA1SA = 0x1de
                0x00000000000001de                __DMA1SAL = 0x1de
                0x00000000000001e2                __DMA1DA = 0x1e2
                0x00000000000001e2                __DMA1DAL = 0x1e2
                0x00000000000001e6                __DMA1SZ = 0x1e6
                0x00000000000001ea                __DMA2SA = 0x1ea
                0x00000000000001ea                __DMA2SAL = 0x1ea
                0x00000000000001ee                __DMA2DA = 0x1ee
                0x00000000000001ee                __DMA2DAL = 0x1ee
                0x00000000000001f2                __DMA2SZ = 0x1f2
                0x0000000000000128                __FCTL1 = 0x128
                0x000000000000012a                __FCTL2 = 0x12a
                0x000000000000012c                __FCTL3 = 0x12c
                0x00000000000001be                __FCTL4 = 0x1be
                0x0000000000000130                __MPY = 0x130
                0x0000000000000132                __MPYS = 0x132
                0x0000000000000134                __MAC = 0x134
                0x0000000000000136                __MACS = 0x136
                0x0000000000000138                __OP2 = 0x138
                0x000000000000013a                __RESLO = 0x13a
                0x000000000000013c                __RESHI = 0x13c
                0x000000000000013e                __SUMEXT = 0x13e
                0x0000000000000020                __P1IN = 0x20
                0x0000000000000021                __P1OUT = 0x21
                0x0000000000000022                __P1DIR = 0x22
                0x0000000000000023                __P1IFG = 0x23
                0x0000000000000024                __P1IES = 0x24
                0x0000000000000025                __P1IE = 0x25
                0x0000000000000026                __P1SEL = 0x26
                0x0000000000000027                __P1REN = 0x27
                0x0000000000000028                __P2IN = 0x28
                0x0000000000000029                __P2OUT = 0x29
                0x000000000000002a                __P2DIR = 0x2a
                0x000000000000002b                __P2IFG = 0x2b
                0x000000000000002c                __P2IES = 0x2c
                0x000000000000002d                __P2IE = 0x2d
                0x000000000000002e                __P2SEL = 0x2e
                0x000000000000002f                __P2REN = 0x2f
                0x0000000000000018                __P3IN = 0x18
                0x0000000000000019                __P3OUT = 0x19
                0x000000000000001a                __P3DIR = 0x1a
                0x000000000000001b                __P3SEL = 0x1b
                0x0000000000000010                __P3REN = 0x10
                0x000000000000001c                __P4IN = 0x1c
                0x000000000000001d                __P4OUT = 0x1d
                0x000000000000001e                __P4DIR = 0x1e
                0x000000000000001f                __P4SEL = 0x1f
                0x0000000000000011                __P4REN = 0x11
                0x0000000000000030                __P5IN = 0x30
                0x0000000000000031                __P5OUT = 0x31
                0x0000000000000032                __P5DIR = 0x32
                0x0000000000000033                __P5SEL = 0x33
                0x0000000000000012                __P5REN = 0x12
                0x0000000000000034                __P6IN = 0x34
                0x0000000000000035                __P6OUT = 0x35
                0x0000000000000036                __P6DIR = 0x36
                0x0000000000000037                __P6SEL = 0x37
                0x0000000000000013                __P6REN = 0x13
                0x0000000000000038                __P7IN = 0x38
                0x000000000000003a                __P7OUT = 0x3a
                0x000000000000003c                __P7DIR = 0x3c
                0x000000000000003e                __P7SEL = 0x3e
                0x0000000000000014                __P7REN = 0x14
                0x0000000000000039                __P8IN = 0x39
                0x000000000000003b                __P8OUT = 0x3b
                0x000000000000003d                __P8DIR = 0x3d
                0x000000000000003f                __P8SEL = 0x3f
                0x0000000000000015                __P8REN = 0x15
                0x0000000000000038                __PAIN = 0x38
                0x000000000000003a                __PAOUT = 0x3a
                0x000000000000003c                __PADIR = 0x3c
                0x000000000000003e                __PASEL = 0x3e
                0x0000000000000014                __PAREN = 0x14
                0x0000000000000055                __SVSCTL = 0x55
                0x000000000000012e                __TAIV = 0x12e
                0x0000000000000160                __TACTL = 0x160
                0x0000000000000162                __TACCTL0 = 0x162
                0x0000000000000164                __TACCTL1 = 0x164
                0x0000000000000166                __TACCTL2 = 0x166
                0x0000000000000170                __TAR = 0x170
                0x0000000000000172                __TACCR0 = 0x172
                0x0000000000000174                __TACCR1 = 0x174
                0x0000000000000176                __TACCR2 = 0x176
                0x000000000000011e                __TBIV = 0x11e
                0x0000000000000180                __TBCTL = 0x180
                0x0000000000000182                __TBCCTL0 = 0x182
                0x0000000000000184                __TBCCTL1 = 0x184
                0x0000000000000186                __TBCCTL2 = 0x186
                0x0000000000000188                __TBCCTL3 = 0x188
                0x000000000000018a                __TBCCTL4 = 0x18a
                0x000000000000018c                __TBCCTL5 = 0x18c
                0x000000000000018e                __TBCCTL6 = 0x18e
                0x0000000000000190                __TBR = 0x190
                0x0000000000000192                __TBCCR0 = 0x192
                0x0000000000000194                __TBCCR1 = 0x194
                0x0000000000000196                __TBCCR2 = 0x196
                0x0000000000000198                __TBCCR3 = 0x198
                0x000000000000019a                __TBCCR4 = 0x19a
                0x000000000000019c                __TBCCR5 = 0x19c
                0x000000000000019e                __TBCCR6 = 0x19e
                0x0000000000000060                __UCA0CTL0 = 0x60
                0x0000000000000061                __UCA0CTL1 = 0x61
                0x0000000000000062                __UCA0BR0 = 0x62
                0x0000000000000063                __UCA0BR1 = 0x63
                0x0000000000000064                __UCA0MCTL = 0x64
                0x0000000000000065                __UCA0STAT = 0x65
                0x0000000000000066                __UCA0RXBUF = 0x66
                0x0000000000000067                __UCA0TXBUF = 0x67
                0x000000000000005d                __UCA0ABCTL = 0x5d
                0x000000000000005e                __UCA0IRTCTL = 0x5e
                0x000000000000005f                __UCA0IRRCTL = 0x5f
                0x0000000000000068                __UCB0CTL0 = 0x68
                0x0000000000000069                __UCB0CTL1 = 0x69
                0x000000000000006a                __UCB0BR0 = 0x6a
                0x000000000000006b                __UCB0BR1 = 0x6b
                0x000000000000006c                __UCB0I2CIE = 0x6c
                0x000000000000006d                __UCB0STAT = 0x6d
                0x000000000000006e                __UCB0RXBUF = 0x6e
                0x000000000000006f                __UCB0TXBUF = 0x6f
                0x0000000000000118                __UCB0I2COA = 0x118
                0x000000000000011a                __UCB0I2CSA = 0x11a
                0x00000000000000d0                __UCA1CTL0 = 0xd0
                0x00000000000000d1                __UCA1CTL1 = 0xd1
                0x00000000000000d2                __UCA1BR0 = 0xd2
                0x00000000000000d3                __UCA1BR1 = 0xd3
                0x00000000000000d4                __UCA1MCTL = 0xd4
                0x00000000000000d5                __UCA1STAT = 0xd5
                0x00000000000000d6                __UCA1RXBUF = 0xd6
                0x00000000000000d7                __UCA1TXBUF = 0xd7
                0x00000000000000cd                __UCA1ABCTL = 0xcd
                0x00000000000000ce                __UCA1IRTCTL = 0xce
                0x00000000000000cf                __UCA1IRRCTL = 0xcf
                0x00000000000000d8                __UCB1CTL0 = 0xd8
                0x00000000000000d9                __UCB1CTL1 = 0xd9
                0x00000000000000da                __UCB1BR0 = 0xda
                0x00000000000000db                __UCB1BR1 = 0xdb
                0x00000000000000dc                __UCB1I2CIE = 0xdc
                0x00000000000000dd                __UCB1STAT = 0xdd
                0x00000000000000de                __UCB1RXBUF = 0xde
                0x00000000000000df                __UCB1TXBUF = 0xdf
                0x000000000000017c                __UCB1I2COA = 0x17c
                0x000000000000017e                __UCB1I2CSA = 0x17e
                0x0000000000000120                __WDTCTL = 0x120
                0x00000000000010c0                __TLV_CHECKSUM = 0x10c0
                0x00000000000010f6                __TLV_DCO_30_TAG = 0x10f6
                0x00000000000010f7                __TLV_DCO_30_LEN = 0x10f7
                0x00000000000010da                __TLV_ADC12_1_TAG = 0x10da
                0x00000000000010db                __TLV_ADC12_1_LEN = 0x10db
                0x00000000000010f8                __CALDCO_16MHZ = 0x10f8
                0x00000000000010f9                __CALBC1_16MHZ = 0x10f9
                0x00000000000010fa                __CALDCO_12MHZ = 0x10fa
                0x00000000000010fb                __CALBC1_12MHZ = 0x10fb
                0x00000000000010fc                __CALDCO_8MHZ = 0x10fc
                0x00000000000010fd                __CALBC1_8MHZ = 0x10fd
                0x00000000000010fe                __CALDCO_1MHZ = 0x10fe
                0x00000000000010ff                __CALBC1_1MHZ = 0x10ff

.hash
 *(.hash)

.dynsym
 *(.dynsym)

.dynstr
 *(.dynstr)

.gnu.version
 *(.gnu.version)

.gnu.version_d
 *(.gnu.version_d)

.gnu.version_r
 *(.gnu.version_r)

.rel.init
 *(.rel.init)

.rela.init
 *(.rela.init)

.rel.fini
 *(.rel.fini)

.rela.fini
 *(.rela.fini)

.rel.text
 *(.rel.text .rel.text.* .rel.gnu.linkonce.t.*)

.rela.text
 *(.rela.text .rela.text.* .rela.gnu.linkonce.t.*)

.rel.rodata
 *(.rel.rodata .rel.rodata.* .rel.gnu.linkonce.r.*)

.rela.rodata
 *(.rela.rodata .rela.rodata.* .rela.gnu.linkonce.r.*)

.rel.data
 *(.rel.data .rel.data.* .rel.gnu.linkonce.d.*)

.rela.data
 *(.rela.data .rela.data.* .rela.gnu.linkonce.d.*)

.rel.bss
 *(.rel.bss .rel.bss.* .rel.gnu.linkonce.b.*)

.rela.bss
 *(.rela.bss .rela.bss.* .rela.gnu.linkonce.b.*)

.rel.ctors
 *(.rel.ctors)

.rela.ctors
 *(.rela.ctors)

.rel.dtors
 *(.rel.dtors)

.rela.dtors
 *(.rela.dtors)

.rel.got
 *(.rel.got)

.rela.got
 *(.rela.got)

.rel.plt
 *(.rel.plt)

.rela.plt
 *(.rela.plt)

.text           0x0000000000003100     0xeb34
                0x0000000000003100                . = ALIGN (0x2)
 *(.init .init.*)
 *(.init0)
 .init0         0x0000000000003100        0x0 /usr/lib/gcc/msp430/4.6.3/mcpu-430x/mmpy-16/libcrt0.a(_reset_vector__.o)
                0x0000000000003100                _reset_vector__
 *(.init1)
 .init1         0x0000000000003100        0xc /usr/lib/gcc/msp430/4.6.3/mcpu-430x/mmpy-16/libcrt0.a(__watchdog_support.o)
                0x0000000000003100                __watchdog_support
 *(.init2)
 .init2         0x000000000000310c        0x4 /usr/lib/gcc/msp430/4.6.3/mcpu-430x/mmpy-16/libcrt0.a(__init_stack.o)
                0x000000000000310c                __init_stack
 *(.init3)
 .init3         0x0000000000003110        0x0 /usr/lib/gcc/msp430/4.6.3/mcpu-430x/mmpy-16/libcrt0.a(__low_level_init.o)
                0x0000000000003110                __low_level_init
 *(.init4)
 .init4         0x0000000000003110       0x18 /usr/lib/gcc/msp430/4.6.3/mcpu-430x/mmpy-16/libcrt0.a(_copy_data.o)
                0x0000000000003110                __do_copy_data
 .init4         0x0000000000003128       0x16 /usr/lib/gcc/msp430/4.6.3/mcpu-430x/mmpy-16/libcrt0.a(_clear_bss.o)
                0x0000000000003128                __do_clear_bss
 *(.init5)
 *(.init6)
 *(.init7)
 *(.init8)
 *(.init9)
 .init9         0x000000000000313e      0x350 obj_z1/contiki-z1-main.o
                0x000000000000313e                main
 *(.fini9)
 .fini9         0x000000000000348e        0x0 /usr/lib/gcc/msp430/4.6.3/mcpu-430x/mmpy-16/libcrt0.a(__stop_progExec__.o)
                0x000000000000348e                __stop_progExec__
 *(.fini8)
 *(.fini7)
 *(.fini6)
 *(.fini5)
 *(.fini4)
 *(.fini3)
 *(.fini2)
 *(.fini1)
 *(.fini0)
 .fini0         0x000000000000348e        0x6 /usr/lib/gcc/msp430/4.6.3/mcpu-430x/mmpy-16/libcrt0.a(_endless_loop__.o)
                0x000000000000348e                _endless_loop__
 *(.fini .fini.*)
                0x0000000000003494                . = ALIGN (0x2)
                0x0000000000003494                __ctors_start = .
 *(.ctors)
                0x0000000000003494                __ctors_end = .
                0x0000000000003494                __dtors_start = .
 *(.dtors)
                0x0000000000003494                __dtors_end = .
                0x0000000000003494                . = ALIGN (0x2)
 *(.text .text.* .gnu.linkonce.t.*)
 .text          0x0000000000003494        0x4 /usr/lib/gcc/msp430/4.6.3/mcpu-430x/mmpy-16/crt0ivtbl32.o
                0x0000000000003494                __isr_14
                0x0000000000003494                __isr_4
                0x0000000000003494                __isr_29
                0x0000000000003494                __isr_11
                0x0000000000003494                __isr_5
                0x0000000000003494                __isr_2
                0x0000000000003494                __isr_10
                0x0000000000003494                __isr_7
                0x0000000000003494                __isr_0
                0x0000000000003494                __isr_28
                0x0000000000003494                __isr_8
                0x0000000000003494                __isr_20
                0x0000000000003494                __isr_3
                0x0000000000003494                __isr_12
                0x0000000000003494                __isr_13
                0x0000000000003494                __isr_27
                0x0000000000003494                __isr_9
                0x0000000000003494                __isr_30
                0x0000000000003494                __isr_6
                0x0000000000003494                __isr_22
                0x0000000000003494                __isr_1
                0x0000000000003494                __isr_15
                0x0000000000003494                __isr_21
 .text.crt0     0x0000000000003498        0x0 /usr/lib/gcc/msp430/4.6.3/mcpu-430x/mmpy-16/crt0ivtbl32.o
 .text          0x0000000000003498      0xd26 test.co
                0x0000000000003498                nn_act_linear
                0x000000000000349a                nn_act_sigmoid
                0x00000000000034f0                reverse
                0x0000000000003516                MyPow
                0x0000000000003550                intToStr
                0x00000000000035a8                ftoa
                0x0000000000003634                nn_act_threshold
                0x0000000000003650                nn_run
                0x0000000000003888                nn_train
                0x0000000000003d90                nn_free
                0x0000000000003d96                nn_randomize
                0x0000000000003de4                nn_init
                0x0000000000004058                load_data
 .text          0x00000000000041be        0x6 obj_z1/contiki-z1-main.o
                0x00000000000041be                uip_log
 .text          0x00000000000041c4        0xc contiki-z1.a(contiki-z1-plat)
                0x00000000000041c4                init_platform
 .text          0x00000000000041d0       0xe8 contiki-z1.a(msp430.o)
                0x00000000000041d0                msp430_init_dco
                0x00000000000041f8                msp430_add_lpm_req
                0x0000000000004204                msp430_remove_lpm_req
                0x0000000000004210                splhigh_
                0x0000000000004218                msp430_sync_dco
                0x000000000000428a                msp430_cpu_init
 .text          0x00000000000042b8      0x146 contiki-z1.a(leds.o)
                0x00000000000043a6                leds_init
                0x00000000000043b0                leds_get
                0x00000000000043b6                leds_set
                0x00000000000043bc                leds_on
                0x00000000000043c6                leds_off
                0x00000000000043d4                leds_toggle
                0x00000000000043de                leds_blink
 .text          0x00000000000043fe       0x5c contiki-z1.a(watchdog.o)
                0x00000000000043fe                __isr_26
                0x00000000000043fe                watchdog_interrupt
                0x0000000000004404                watchdog_start
                0x0000000000004418                watchdog_periodic
                0x000000000000442a                watchdog_stop
                0x0000000000004440                watchdog_init
                0x0000000000004454                watchdog_reboot
 .text          0x000000000000445a      0x350 contiki-z1.a(xmem.o)
                0x00000000000044d2                xmem_init
                0x00000000000044f0                xmem_pread
                0x00000000000045c0                xmem_pwrite
                0x00000000000046f4                xmem_erase
 .text          0x00000000000047aa       0x38 contiki-z1.a(spi.o)
                0x00000000000047aa                spi_init
 .text          0x00000000000047e2      0xb74 contiki-z1.a(cc2420.o)
                0x0000000000004c18                cc2420_on
                0x0000000000004c3a                cc2420_off
                0x0000000000004e64                cc2420_get_channel
                0x0000000000004e6a                cc2420_set_channel
                0x0000000000004ea4                cc2420_set_pan_addr
                0x0000000000004ef0                cc2420_interrupt
                0x0000000000004f08                cc2420_set_txpower
                0x0000000000004f16                cc2420_get_txpower
                0x0000000000005052                cc2420_rssi
                0x000000000000519c                cc2420_set_cca_threshold
                0x0000000000005266                cc2420_init
 .text          0x0000000000005356       0x1a contiki-z1.a(cc2420-arch.o)
                0x0000000000005356                cc2420_arch_init
 .text          0x0000000000005370       0x9a contiki-z1.a(node-id.o)
                0x0000000000005370                node_id_restore
                0x00000000000053bc                node_id_burn
 .text          0x000000000000540a      0x158 contiki-z1.a(sensors.o)
                0x00000000000054c8                sensors_first
                0x00000000000054ce                sensors_next
                0x00000000000054fa                sensors_changed
                0x0000000000005524                sensors_find
 .text          0x0000000000005562     0x12e0 contiki-z1.a(cfs-coffee.o)
                0x0000000000005d70                cfs_open
                0x0000000000005e20                cfs_close
                0x0000000000005e48                cfs_seek
                0x0000000000005eda                cfs_remove
                0x0000000000005ef4                cfs_read
                0x00000000000064f2                cfs_write
                0x00000000000066d8                cfs_opendir
                0x00000000000066e4                cfs_readdir
                0x0000000000006752                cfs_closedir
                0x0000000000006754                cfs_coffee_reserve
                0x000000000000677c                cfs_coffee_configure_log
                0x00000000000067d8                cfs_coffee_set_io_semantics
                0x00000000000067f8                cfs_coffee_format
 .text          0x0000000000006842       0xe6 contiki-z1.a(uart0.o)
                0x0000000000006842                uart0_active
                0x0000000000006850                uart0_set_input
                0x0000000000006856                uart0_writeb
                0x000000000000686e                uart0_init
                0x00000000000068c2                __isr_23
                0x00000000000068c2                uart0_rx_interrupt
 .text          0x0000000000006928       0x10 contiki-z1.a(uart0-putchar.o)
                0x0000000000006928                putchar
 .text          0x0000000000006938        0x0 contiki-z1.a(z1-sensors.o)
 .text          0x0000000000006938      0x394 contiki-z1.a(adxl345.o)
                0x0000000000006a4c                accm_read_axis
                0x0000000000006ad2                accm_set_grange
                0x0000000000006b02                accm_init
                0x0000000000006b78                accm_stop
                0x0000000000006bd0                accm_set_irq
                0x0000000000006c08                port1_isr
                0x0000000000006c08                __isr_18
 .text          0x0000000000006ccc      0x172 contiki-z1.a(tmp102.o)
                0x0000000000006cde                tmp102_init
                0x0000000000006d02                tmp102_stop
                0x0000000000006d34                tmp102_write_reg
                0x0000000000006d6c                tmp102_read_reg
                0x0000000000006dcc                tmp102_read_temp_raw
                0x0000000000006dd4                tmp102_read_temp_x100
                0x0000000000006e30                tmp102_read_temp_simple
 .text          0x0000000000006e3e      0x1e8 contiki-z1.a(clock.o)
                0x0000000000006e3e                __isr_24
                0x0000000000006e3e                timera1
                0x0000000000006f48                clock_time
                0x0000000000006f62                clock_set
                0x0000000000006f78                clock_fine_max
                0x0000000000006f7e                clock_fine
                0x0000000000006f8a                clock_init
                0x0000000000006fb2                clock_delay
                0x0000000000006fbe                clock_wait
                0x0000000000006fe6                clock_set_seconds
                0x0000000000006ffe                clock_seconds
                0x0000000000007018                clock_counter
 .text          0x0000000000007026       0x78 contiki-z1.a(leds-arch.o)
                0x0000000000007026                leds_arch_init
                0x0000000000007034                leds_arch_get
                0x0000000000007064                leds_arch_set
 .text          0x000000000000709e       0x7e contiki-z1.a(rtimer-arch.o)
                0x000000000000709e                rtimer_arch_init
                0x00000000000070ac                rtimer_arch_now
                0x00000000000070ba                __isr_25
                0x00000000000070ba                timera0
                0x0000000000007116                rtimer_arch_schedule
 .text          0x000000000000711c       0x2a contiki-z1.a(autostart.o)
                0x000000000000711c                autostart_start
                0x0000000000007132                autostart_exit
 .text          0x0000000000007146       0xae contiki-z1.a(energest.o)
                0x0000000000007146                energest_init
                0x000000000000716e                energest_type_time
                0x00000000000071aa                energest_leveldevice_leveltime
                0x00000000000071b0                energest_type_set
                0x00000000000071bc                energest_flush
 .text          0x00000000000071f4      0x270 contiki-z1.a(etimer.o)
                0x0000000000007264                etimer_request_poll
                0x000000000000736e                etimer_set
                0x0000000000007380                etimer_reset_with_new_interval
                0x000000000000739e                etimer_reset
                0x00000000000073b0                etimer_restart
                0x00000000000073c2                etimer_adjust
                0x00000000000073dc                etimer_expired
                0x00000000000073ea                etimer_expiration_time
                0x00000000000073fe                etimer_start_time
                0x0000000000007406                etimer_pending
                0x0000000000007412                etimer_next_expiration_time
                0x0000000000007428                etimer_stop
 .text          0x0000000000007464      0x1c4 contiki-z1.a(ctimer.o)
                0x0000000000007500                ctimer_init
                0x0000000000007518                ctimer_set_with_process
                0x0000000000007566                ctimer_set
                0x0000000000007576                ctimer_reset
                0x00000000000075a2                ctimer_restart
                0x00000000000075ce                ctimer_stop
                0x00000000000075f6                ctimer_expired
 .text          0x0000000000007628      0x282 contiki-z1.a(process.o)
                0x0000000000007728                process_alloc_event
                0x0000000000007736                process_exit
                0x0000000000007740                process_init
                0x000000000000775c                process_run
                0x00000000000077e8                process_nevents
                0x00000000000077f6                process_post
                0x0000000000007840                process_post_synch
                0x0000000000007852                process_start
                0x0000000000007884                process_poll
                0x000000000000789c                process_is_running
 .text          0x00000000000078aa       0x50 contiki-z1.a(rtimer.o)
                0x00000000000078aa                rtimer_init
                0x00000000000078b0                rtimer_set
                0x00000000000078d4                rtimer_run_next
 .text          0x00000000000078fa       0x8c contiki-z1.a(timer.o)
                0x00000000000078fa                timer_set
                0x0000000000007916                timer_reset
                0x0000000000007924                timer_restart
                0x0000000000007938                timer_expired
                0x0000000000007962                timer_remaining
 .text          0x0000000000007986       0xf6 contiki-z1.a(list.o)
                0x0000000000007986                list_init
                0x000000000000798c                list_head
                0x0000000000007990                list_copy
                0x0000000000007996                list_tail
                0x00000000000079a8                list_chop
                0x00000000000079cc                list_pop
                0x00000000000079da                list_remove
                0x0000000000007a0e                list_push
                0x0000000000007a24                list_add
                0x0000000000007a4a                list_length
                0x0000000000007a5a                list_insert
                0x0000000000007a70                list_item_next
 .text          0x0000000000007a7c        0xc contiki-z1.a(random.o)
                0x0000000000007a7c                random_init
                0x0000000000007a82                random_rand
 .text          0x0000000000007a88       0x12 contiki-z1.a(assert.o)
                0x0000000000007a88                _xassert
 .text          0x0000000000007a9a      0x688 contiki-z1.a(uip-ds6.o)
                0x0000000000007a9a                uip_ds6_list_loop
                0x0000000000007b00                uip_ds6_prefix_add
                0x0000000000007b70                uip_ds6_prefix_rm
                0x0000000000007b7a                uip_ds6_prefix_lookup
                0x0000000000007ba2                uip_ds6_is_addr_onlink
                0x0000000000007be4                uip_ds6_addr_lookup
                0x0000000000007c0e                uip_ds6_get_link_local
                0x0000000000007c4c                uip_ds6_get_global
                0x0000000000007c8a                uip_ds6_maddr_add
                0x0000000000007cd2                uip_ds6_addr_add
                0x0000000000007d86                uip_ds6_maddr_rm
                0x0000000000007d90                uip_ds6_maddr_lookup
                0x0000000000007dba                uip_ds6_addr_rm
                0x0000000000007e0e                uip_ds6_periodic
                0x0000000000007e54                uip_ds6_aaddr_add
                0x0000000000007e9a                uip_ds6_aaddr_rm
                0x0000000000007ea4                uip_ds6_aaddr_lookup
                0x0000000000007ecc                uip_ds6_set_addr_iid
                0x0000000000007ee0                get_match_length
                0x0000000000007f1a                uip_ds6_select_src
                0x0000000000007fb4                uip_ds6_compute_reachable_time
                0x0000000000007fea                uip_ds6_init
 .text          0x0000000000008122      0x49e contiki-z1.a(uip-ds6-route.o)
                0x0000000000008162                uip_ds6_notification_add
                0x000000000000817a                uip_ds6_notification_rm
                0x0000000000008186                uip_ds6_route_init
                0x00000000000081bc                uip_ds6_route_nexthop
                0x00000000000081d6                uip_ds6_route_head
                0x00000000000081e0                uip_ds6_route_next
                0x00000000000081ee                uip_ds6_route_is_nexthop
                0x000000000000820c                uip_ds6_route_num_routes
                0x0000000000008212                uip_ds6_route_lookup
                0x0000000000008280                uip_ds6_route_rm
                0x000000000000835a                uip_ds6_route_add
                0x0000000000008456                uip_ds6_route_rm_by_nexthop
                0x000000000000846a                uip_ds6_defrt_head
                0x0000000000008474                uip_ds6_defrt_rm
                0x00000000000084b8                uip_ds6_defrt_lookup
                0x00000000000084ea                uip_ds6_defrt_add
                0x0000000000008552                uip_ds6_defrt_choose
                0x0000000000008588                uip_ds6_defrt_periodic
 .text          0x00000000000085c0     0x12b4 contiki-z1.a(uip6.o)
                0x0000000000008714                uip_add32
                0x0000000000008778                uip_chksum
                0x0000000000008790                uip_icmp6chksum
                0x000000000000879a                uip_tcpchksum
                0x00000000000087a4                uip_udpchksum
                0x00000000000087ae                uip_init
                0x0000000000008804                uip_connect
                0x000000000000890a                remove_ext_hdr
                0x000000000000895c                uip_udp_new
                0x00000000000089fc                uip_unlisten
                0x0000000000008a18                uip_listen
                0x0000000000008a36                uip_process
                0x00000000000097d6                uip_htons
                0x00000000000097e2                uip_htonl
                0x000000000000980c                uip_send
 .text.unlikely
                0x0000000000009874       0x2e contiki-z1.a(uip6.o)
 .text          0x00000000000098a2      0x12c contiki-z1.a(uip-ds6-nbr.o)
                0x00000000000098a2                uip_ds6_nbr_rm
                0x00000000000098c0                uip_ds6_neighbors_init
                0x00000000000098d2                uip_ds6_nbr_add
                0x0000000000009908                uip_ds6_nbr_get_ipaddr
                0x000000000000990a                uip_ds6_nbr_get_ll
                0x0000000000009916                uip_ds6_nbr_num
                0x000000000000993a                uip_ds6_nbr_lookup
                0x0000000000009978                uip_ds6_nbr_ll_lookup
                0x0000000000009984                uip_ds6_nbr_ipaddr_from_lladdr
                0x000000000000998a                uip_ds6_nbr_lladdr_from_ipaddr
                0x000000000000999c                uip_ds6_link_neighbor_callback
 .text          0x00000000000099ce      0x26c contiki-z1.a(uip-nd6.o)
                0x0000000000009c30                uip_nd6_init
 .text          0x0000000000009c3a     0x1126 contiki-z1.a(sicslowpan.o)
                0x000000000000a616                sicslowpan_init
                0x000000000000ad4e                rime_sniffer_add
                0x000000000000ad54                rime_sniffer_remove
                0x000000000000ad5a                sicslowpan_get_last_rssi
 .text          0x000000000000ad60       0xba contiki-z1.a(uip-debug.o)
                0x000000000000ad60                uip_debug_ipaddr_print
 .text          0x000000000000ae1a      0x408 contiki-z1.a(tcpip.o)
                0x000000000000ae30                tcpip_output
                0x000000000000ae40                tcpip_set_outputfunc
                0x000000000000ae46                tcp_unlisten
                0x000000000000ae6c                tcp_listen
                0x000000000000ae90                tcp_attach
                0x000000000000ae9c                udp_attach
                0x000000000000aea8                udp_new
                0x000000000000aec2                udp_broadcast_new
                0x000000000000af08                tcpip_input
                0x000000000000af1e                tcpip_ipv6_output
                0x000000000000b180                tcpip_poll_udp
                0x000000000000b18e                tcpip_poll_tcp
                0x000000000000b19c                tcp_connect
                0x000000000000b1be                tcpip_uipcall
 .text          0x000000000000b222     0x1212 contiki-z1.a(rpl-dag.o)
                0x000000000000b38a                rpl_dag_init
                0x000000000000b398                rpl_get_parent
                0x000000000000b3a4                rpl_get_parent_rank
                0x000000000000b3bc                rpl_get_parent_link_metric
                0x000000000000b3ea                rpl_rank_via_parent
                0x000000000000b418                rpl_get_parent_lladdr
                0x000000000000b424                rpl_get_nbr
                0x000000000000b43c                rpl_get_parent_ipaddr
                0x000000000000b446                rpl_get_parent_link_stats
                0x000000000000b450                rpl_print_neighbor_list
                0x000000000000b55e                rpl_parent_is_fresh
                0x000000000000b5d8                rpl_parent_is_reachable
                0x000000000000b61e                rpl_set_prefix
                0x000000000000b692                rpl_set_default_route
                0x000000000000b6cc                rpl_alloc_instance
                0x000000000000b700                rpl_set_default_instance
                0x000000000000b706                rpl_get_default_instance
                0x000000000000b70c                rpl_add_parent
                0x000000000000b746                rpl_find_parent
                0x000000000000b75e                rpl_find_parent_any_dag
                0x000000000000b77e                rpl_select_parent
                0x000000000000b7e0                rpl_select_dag
                0x000000000000b94e                rpl_nullify_parent
                0x000000000000b9aa                rpl_remove_parent
                0x000000000000b9f2                rpl_free_dag
                0x000000000000ba36                rpl_free_instance
                0x000000000000ba9e                rpl_move_parent
                0x000000000000bafe                rpl_has_downward_route
                0x000000000000bb14                rpl_get_dag
                0x000000000000bb70                rpl_get_any_dag
                0x000000000000bb88                rpl_get_instance
                0x000000000000bba2                rpl_alloc_dag
                0x000000000000bbfe                rpl_repair_root
                0x000000000000bc4e                rpl_find_of
                0x000000000000bc5e                rpl_set_root
                0x000000000000bd8c                rpl_join_instance
                0x000000000000bed0                rpl_local_repair
                0x000000000000bf4e                rpl_process_parent_event
                0x000000000000bfd0                rpl_recalculate_ranks
                0x000000000000c016                rpl_add_dag
                0x000000000000c11a                rpl_process_dio
 .text          0x000000000000c434      0x504 contiki-z1.a(rpl-timers.o)
                0x000000000000c702                rpl_reset_periodic_timer
                0x000000000000c75e                rpl_reset_dio_timer
                0x000000000000c776                rpl_schedule_dao
                0x000000000000c782                rpl_schedule_dao_immediately
                0x000000000000c78c                rpl_cancel_dao
                0x000000000000c7a6                rpl_schedule_unicast_dio_immediately
                0x000000000000c7bc                get_probing_delay
                0x000000000000c7fc                get_probing_target
                0x000000000000c8de                rpl_schedule_probing
 .text          0x000000000000c938      0x332 contiki-z1.a(rpl-ext-header.)
                0x000000000000ca98                rpl_verify_hbh_header
                0x000000000000cb90                rpl_remove_header
                0x000000000000cc06                rpl_update_header
 .text          0x000000000000cc6a      0x2a6 contiki-z1.a(rpl.o)
                0x000000000000cc6a                rpl_get_mode
                0x000000000000cc70                rpl_set_mode
                0x000000000000ccc2                rpl_purge_routes
                0x000000000000cd56                rpl_remove_routes
                0x000000000000cd78                rpl_remove_routes_by_nexthop
                0x000000000000cdb6                rpl_add_route
                0x000000000000ce04                rpl_link_neighbor_callback
                0x000000000000ce50                rpl_ipv6_neighbor_callback
                0x000000000000ce6e                rpl_purge_dags
                0x000000000000cecc                rpl_init
 .text          0x000000000000cf10      0x190 contiki-z1.a(rpl-mrhof.o)
 .text          0x000000000000d0a0      0xa6e contiki-z1.a(rpl-icmp6.o)
                0x000000000000d3da                rpl_icmp6_update_nbr_table
                0x000000000000d678                dis_output
                0x000000000000d6c8                dio_output
                0x000000000000d952                dao_output_target
                0x000000000000da4a                dao_output
                0x000000000000daea                dao_ack_output
                0x000000000000daec                rpl_icmp6_register_handlers
 .text          0x000000000000db0e      0x13c contiki-z1.a(queuebuf.o)
                0x000000000000db0e                queuebuf_init
                0x000000000000db20                queuebuf_numfree
                0x000000000000db2a                queuebuf_new_from_packetbuf
                0x000000000000db78                queuebuf_update_attr_from_packetbuf
                0x000000000000db8a                queuebuf_update_from_packetbuf
                0x000000000000dbac                queuebuf_free
                0x000000000000dbd6                queuebuf_to_packetbuf
                0x000000000000dc08                queuebuf_dataptr
                0x000000000000dc24                queuebuf_datalen
                0x000000000000dc2c                queuebuf_addr
                0x000000000000dc3a                queuebuf_attr
                0x000000000000dc48                queuebuf_debug_print
 .text          0x000000000000dc4a      0x4fc contiki-z1.a(nbr-table.o)
                0x000000000000de20                nbr_table_register
                0x000000000000de46                nbr_table_next
                0x000000000000debe                nbr_table_head
                0x000000000000def0                nbr_table_add_lladdr
                0x000000000000e010                nbr_table_get_from_lladdr
                0x000000000000e054                nbr_table_remove
                0x000000000000e07e                nbr_table_lock
                0x000000000000e08e                nbr_table_unlock
                0x000000000000e09e                nbr_table_get_lladdr
                0x000000000000e0f2                nbr_table_update_lladdr
 .text          0x000000000000e146      0x1be contiki-z1.a(packetbuf.o)
                0x000000000000e146                packetbuf_hdrreduce
                0x000000000000e160                packetbuf_set_datalen
                0x000000000000e166                packetbuf_hdrptr
                0x000000000000e16c                packetbuf_datalen
                0x000000000000e172                packetbuf_hdrlen
                0x000000000000e17c                packetbuf_dataptr
                0x000000000000e188                packetbuf_copyto
                0x000000000000e1c2                packetbuf_compact
                0x000000000000e1f8                packetbuf_totlen
                0x000000000000e204                packetbuf_hdralloc
                0x000000000000e23e                packetbuf_remaininglen
                0x000000000000e24c                packetbuf_attr_clear
                0x000000000000e274                packetbuf_clear
                0x000000000000e286                packetbuf_copyfrom
                0x000000000000e2b0                packetbuf_attr_copyto
                0x000000000000e2d2                packetbuf_attr_copyfrom
                0x000000000000e2f6                packetbuf_holds_broadcast
 .text          0x000000000000e304       0x26 contiki-z1.a(linkaddr.o)
                0x000000000000e304                linkaddr_copy
                0x000000000000e30c                linkaddr_cmp
                0x000000000000e31e                linkaddr_set_node_addr
 .text          0x000000000000e32a      0x238 contiki-z1.a(link-stats.o)
                0x000000000000e356                link_stats_from_lladdr
                0x000000000000e362                link_stats_is_fresh
                0x000000000000e392                guess_etx_from_rssi
                0x000000000000e3d4                link_stats_packet_sent
                0x000000000000e494                link_stats_input_callback
                0x000000000000e540                link_stats_init
 .text          0x000000000000e562      0x38a contiki-z1.a(csma.o)
 .text          0x000000000000e8ec       0x14 contiki-z1.a(mac.o)
                0x000000000000e8ec                mac_call_sent_callback
 .text          0x000000000000e900      0x1c6 contiki-z1.a(framer-802154.o)
 .text          0x000000000000eac6      0x5fc contiki-z1.a(contikimac.o)
                0x000000000000f0be                contikimac_debug_print
 .text          0x000000000000f0c2       0x12 contiki-z1.a(nullsec.o)
 .text          0x000000000000f0d4      0x1b2 contiki-z1.a(i2cmaster.o)
                0x000000000000f0d4                i2c_setrate
                0x000000000000f0da                i2c_receiveinit
                0x000000000000f112                i2c_transmitinit
                0x000000000000f144                i2c_receive_n
                0x000000000000f188                i2c_busy
                0x000000000000f192                i2c_enable
                0x000000000000f1b6                i2c_disable
                0x000000000000f1d0                i2c_transmit_n
                0x000000000000f1e4                __isr_16
                0x000000000000f1e4                i2c_tx_interrupt
                0x000000000000f26e                i2c_rx_interrupt
                0x000000000000f26e                __isr_17
 .text          0x000000000000f286      0x100 contiki-z1.a(button-sensor.o)
                0x000000000000f310                irq_p2
                0x000000000000f310                __isr_19
 .text          0x000000000000f386       0xa4 contiki-z1.a(stimer.o)
                0x000000000000f386                stimer_set
                0x000000000000f3a2                stimer_reset
                0x000000000000f3b0                stimer_restart
                0x000000000000f3c4                stimer_expired
                0x000000000000f3f4                stimer_remaining
                0x000000000000f418                stimer_elapsed
 .text          0x000000000000f42a      0x102 contiki-z1.a(memb.o)
                0x000000000000f42a                memb_init
                0x000000000000f460                memb_alloc
                0x000000000000f49e                memb_free
                0x000000000000f4d8                memb_inmemb
                0x000000000000f506                memb_numfree
 .text          0x000000000000f52c      0x3e4 contiki-z1.a(uip-icmp6.o)
                0x000000000000f6a0                uip_icmp6_input
                0x000000000000f6e0                uip_icmp6_register_input_handler
                0x000000000000f6ec                uip_icmp6_error_output
                0x000000000000f854                uip_icmp6_send
                0x000000000000f8da                uip_icmp6_echo_reply_callback_add
                0x000000000000f8f2                uip_icmp6_echo_reply_callback_rm
                0x000000000000f8fe                uip_icmp6_init
 .text          0x000000000000f910      0x1a2 contiki-z1.a(rpl-nbr-policy.)
                0x000000000000f9fc                find_removable_dis
                0x000000000000fa12                find_removable_dio
                0x000000000000fa4e                find_removable_dao
                0x000000000000fa82                rpl_nbr_policy_find_removable
 .text          0x000000000000fab2       0xd0 contiki-z1.a(mac-sequence.o)
                0x000000000000fab2                mac_sequence_is_duplicate
                0x000000000000fb0a                mac_sequence_register_seqno
 .text          0x000000000000fb82      0x5f8 contiki-z1.a(frame802154.o)
                0x000000000000fb82                frame802154_get_pan_id
                0x000000000000fb88                frame802154_set_pan_id
                0x000000000000fb8e                frame802154_has_panid
                0x000000000000fd18                frame802154_check_dest_panid
                0x000000000000fd54                frame802154_is_broadcast_addr
                0x000000000000fd78                frame802154_extract_linkaddr
                0x000000000000fe04                frame802154_hdrlen
                0x000000000000fe36                frame802154_create_fcf
                0x000000000000fea4                frame802154_create
                0x000000000000ff78                frame802154_parse_fcf
                0x0000000000010002                frame802154_parse
 .text          0x000000000001017a        0x0 /usr/lib/gcc/msp430/4.6.3/mcpu-430x/mmpy-16/libgcc.a(_mulsi3.o)
 .text.libgcc   0x000000000001017a       0x2a /usr/lib/gcc/msp430/4.6.3/mcpu-430x/mmpy-16/libgcc.a(_mulsi3.o)
                0x000000000001017a                __mulsi3
 .text          0x00000000000101a4        0x0 /usr/lib/gcc/msp430/4.6.3/mcpu-430x/mmpy-16/libgcc.a(_udivmod16.o)
 .text.libgcc   0x00000000000101a4       0x22 /usr/lib/gcc/msp430/4.6.3/mcpu-430x/mmpy-16/libgcc.a(_udivmod16.o)
                0x00000000000101a4                __udivhi3
                0x00000000000101a4                __ext_udivmod16
                0x00000000000101be                __umodhi3
 .text          0x00000000000101c6        0x0 /usr/lib/gcc/msp430/4.6.3/mcpu-430x/mmpy-16/libgcc.a(_divmod16.o)
 .text.libgcc   0x00000000000101c6       0x3a /usr/lib/gcc/msp430/4.6.3/mcpu-430x/mmpy-16/libgcc.a(_divmod16.o)
                0x00000000000101c6                __ext_divmod16
                0x00000000000101c6                __divhi3
                0x00000000000101f8                __modhi3
 .text          0x0000000000010200        0x0 /usr/lib/gcc/msp430/4.6.3/mcpu-430x/mmpy-16/libgcc.a(_udivmod32.o)
 .text.libgcc   0x0000000000010200       0x38 /usr/lib/gcc/msp430/4.6.3/mcpu-430x/mmpy-16/libgcc.a(_udivmod32.o)
                0x0000000000010200                __udivsi3
                0x0000000000010200                __ext_udivmod32
                0x000000000001022e                __umodsi3
 .text          0x0000000000010238        0x0 /usr/lib/gcc/msp430/4.6.3/mcpu-430x/mmpy-16/libgcc.a(_divmod32.o)
 .text.libgcc   0x0000000000010238       0x4c /usr/lib/gcc/msp430/4.6.3/mcpu-430x/mmpy-16/libgcc.a(_divmod32.o)
                0x0000000000010238                __ext_divmod32
                0x0000000000010238                __divsi3
                0x000000000001027a                __modsi3
 .text          0x0000000000010284      0x318 /usr/lib/gcc/msp430/4.6.3/mcpu-430x/mmpy-16/libgcc.a(_addsub_sf.o)
                0x0000000000010500                __addsf3
                0x000000000001054c                __subsf3
 .text          0x000000000001059c      0x21e /usr/lib/gcc/msp430/4.6.3/mcpu-430x/mmpy-16/libgcc.a(_mul_sf.o)
                0x000000000001059c                __mulsf3
 .text          0x00000000000107ba      0x14a /usr/lib/gcc/msp430/4.6.3/mcpu-430x/mmpy-16/libgcc.a(_div_sf.o)
                0x00000000000107ba                __divsf3
 .text          0x0000000000010904       0x50 /usr/lib/gcc/msp430/4.6.3/mcpu-430x/mmpy-16/libgcc.a(_gt_sf.o)
                0x0000000000010904                __gtsf2
 .text          0x0000000000010954       0x50 /usr/lib/gcc/msp430/4.6.3/mcpu-430x/mmpy-16/libgcc.a(_lt_sf.o)
                0x0000000000010954                __ltsf2
 .text          0x00000000000109a4       0xa2 /usr/lib/gcc/msp430/4.6.3/mcpu-430x/mmpy-16/libgcc.a(_si_to_sf.o)
                0x00000000000109a4                __floatsisf
 .text          0x0000000000010a46       0x90 /usr/lib/gcc/msp430/4.6.3/mcpu-430x/mmpy-16/libgcc.a(_sf_to_si.o)
                0x0000000000010a46                __fixsfsi
 .text          0x0000000000010ad6        0x0 /usr/lib/gcc/msp430/4.6.3/mcpu-430x/mmpy-16/libgcc.a(_thenan_sf.o)
 .text          0x0000000000010ad6       0x6a /usr/lib/gcc/msp430/4.6.3/mcpu-430x/mmpy-16/libgcc.a(_clzsi2.o)
                0x0000000000010ad6                __clzsi2
 .text          0x0000000000010b40      0x1c6 /usr/lib/gcc/msp430/4.6.3/mcpu-430x/mmpy-16/libgcc.a(_pack_sf.o)
                0x0000000000010b40                __pack_f
 .text          0x0000000000010d06      0x10c /usr/lib/gcc/msp430/4.6.3/mcpu-430x/mmpy-16/libgcc.a(_unpack_sf.o)
                0x0000000000010d06                __unpack_f
 .text          0x0000000000010e12       0xa4 /usr/lib/gcc/msp430/4.6.3/mcpu-430x/mmpy-16/libgcc.a(_fpcmp_parts_sf.o)
                0x0000000000010e12                __fpcmp_parts_f
 .text          0x0000000000010eb6        0x0 /usr/lib/gcc/msp430/4.6.3/mcpu-430x/mmpy-16/libgcc.a(_clz.o)
 .text          0x0000000000010eb6       0x1e /usr/lib/gcc/msp430/4.6.3/../../../../msp430/lib/mcpu-430x/mmpy-16/libc.a(strcmp.o)
                0x0000000000010eb6                strcmp
 .text          0x0000000000010ed4       0x28 /usr/lib/gcc/msp430/4.6.3/../../../../msp430/lib/mcpu-430x/mmpy-16/libc.a(strncmp.o)
                0x0000000000010ed4                strncmp
 .text          0x0000000000010efc       0x20 /usr/lib/gcc/msp430/4.6.3/../../../../msp430/lib/mcpu-430x/mmpy-16/libc.a(memcmp.o)
                0x0000000000010efc                memcmp
 .text          0x0000000000010f1c       0x2a /usr/lib/gcc/msp430/4.6.3/../../../../msp430/lib/mcpu-430x/mmpy-16/libc.a(strncpy.o)
                0x0000000000010f1c                strncpy
 .text          0x0000000000010f46       0xe4 /usr/lib/gcc/msp430/4.6.3/../../../../msp430/lib/mcpu-430x/mmpy-16/libc.a(memcpy.o)
                0x0000000000010f46                memcpy
 .text          0x000000000001102a       0xe4 /usr/lib/gcc/msp430/4.6.3/../../../../msp430/lib/mcpu-430x/mmpy-16/libc.a(memmove.o)
                0x000000000001102a                memmove
 .text          0x000000000001110e       0x5c /usr/lib/gcc/msp430/4.6.3/../../../../msp430/lib/mcpu-430x/mmpy-16/libc.a(memset.o)
                0x000000000001110e                memset
 .text          0x000000000001116a       0x64 /usr/lib/gcc/msp430/4.6.3/../../../../msp430/lib/mcpu-430x/mmpy-16/libc.a(strtok.o)
                0x000000000001116a                strtok_r
                0x00000000000111c4                strtok
 .text          0x00000000000111ce       0xf2 /usr/lib/gcc/msp430/4.6.3/../../../../msp430/lib/mcpu-430x/mmpy-16/libc.a(malloc.o)
                0x00000000000111ce                malloc
                0x00000000000112b8                free
 .text          0x00000000000112c0       0x1e /usr/lib/gcc/msp430/4.6.3/../../../../msp430/lib/mcpu-430x/mmpy-16/libc.a(printf.o)
                0x00000000000112c0                printf
                0x00000000000112d0                vprintf
 .text          0x00000000000112de      0x818 /usr/lib/gcc/msp430/4.6.3/../../../../msp430/lib/mcpu-430x/mmpy-16/libc.a(vuprintf.o)
                0x000000000001145a                vuprintf
 .text          0x0000000000011af6       0x2c /usr/lib/gcc/msp430/4.6.3/../../../../msp430/lib/mcpu-430x/mmpy-16/libc.a(puts.o)
                0x0000000000011af6                puts
 .text          0x0000000000011b22       0x54 /usr/lib/gcc/msp430/4.6.3/../../../../msp430/lib/mcpu-430x/mmpy-16/libc.a(rand.o)
                0x0000000000011b22                rand_r
                0x0000000000011b46                rand
                0x0000000000011b6c                srand
 .text          0x0000000000011b76        0x0 /usr/lib/gcc/msp430/4.6.3/mcpu-430x/mmpy-16/libgcc.a(_udivmod64.o)
 .text.libgcc   0x0000000000011b76       0xbc /usr/lib/gcc/msp430/4.6.3/mcpu-430x/mmpy-16/libgcc.a(_udivmod64.o)
                0x0000000000011b76                __xabi_udivmod64
                0x0000000000011bc8                __udivdi3
                0x0000000000011be2                __umoddi3
                0x0000000000011c04                __udivmoddi4
 .text          0x0000000000011c32        0x0 /usr/lib/gcc/msp430/4.6.3/mcpu-430x/mmpy-16/libcrt0.a(_reset_vector__.o)
 .text          0x0000000000011c32        0x0 /usr/lib/gcc/msp430/4.6.3/mcpu-430x/mmpy-16/libcrt0.a(__watchdog_support.o)
 .text          0x0000000000011c32        0x0 /usr/lib/gcc/msp430/4.6.3/mcpu-430x/mmpy-16/libcrt0.a(__init_stack.o)
 .text          0x0000000000011c32        0x0 /usr/lib/gcc/msp430/4.6.3/mcpu-430x/mmpy-16/libcrt0.a(__low_level_init.o)
 .text          0x0000000000011c32        0x0 /usr/lib/gcc/msp430/4.6.3/mcpu-430x/mmpy-16/libcrt0.a(_copy_data.o)
 .text          0x0000000000011c32        0x0 /usr/lib/gcc/msp430/4.6.3/mcpu-430x/mmpy-16/libcrt0.a(_clear_bss.o)
 .text          0x0000000000011c32        0x0 /usr/lib/gcc/msp430/4.6.3/mcpu-430x/mmpy-16/libcrt0.a(__stop_progExec__.o)
 .text          0x0000000000011c32        0x0 /usr/lib/gcc/msp430/4.6.3/mcpu-430x/mmpy-16/libcrt0.a(_endless_loop__.o)
 .text          0x0000000000011c32        0x0 /usr/lib/gcc/msp430/4.6.3/mcpu-430x/mmpy-16/libcrt0.a(_unexpected_.o)
 .text.crt0     0x0000000000011c32        0x2 /usr/lib/gcc/msp430/4.6.3/mcpu-430x/mmpy-16/libcrt0.a(_unexpected_.o)
                0x0000000000011c32                _unexpected_
                0x0000000000011c34                . = ALIGN (0x2)

.rodata         0x0000000000011c34      0x5e4
                0x0000000000011c34                . = ALIGN (0x2)
 *(.rodata .rodata.* .gnu.linkonce.r.*)
 .rodata        0x0000000000011c34      0x136 test.co
                0x0000000000011d5a                autostart_processes
 .rodata        0x0000000000011d6a      0x118 obj_z1/contiki-z1-main.o
 .rodata        0x0000000000011e82       0x2c contiki-z1.a(xmem.o)
 .rodata        0x0000000000011eae       0x70 contiki-z1.a(cc2420.o)
                0x0000000000011ee0                cc2420_aes_128_driver
                0x0000000000011ee4                cc2420_driver
 .rodata        0x0000000000011f1e        0x8 contiki-z1.a(sensors.o)
 .rodata        0x0000000000011f26       0x2e contiki-z1.a(adxl345.o)
                0x0000000000011f36                adxl345
 .rodata        0x0000000000011f54       0x16 contiki-z1.a(tmp102.o)
                0x0000000000011f62                tmp102
 .rodata        0x0000000000011f6a        0xc contiki-z1.a(etimer.o)
 .rodata        0x0000000000011f76        0xf contiki-z1.a(ctimer.o)
 .rodata        0x0000000000011f85       0x25 contiki-z1.a(assert.o)
 .rodata        0x0000000000011faa       0x20 contiki-z1.a(uip6.o)
 .rodata        0x0000000000011fca       0x24 contiki-z1.a(sicslowpan.o)
                0x0000000000011fd6                sicslowpan_driver
                0x0000000000011fdc                llprefix
                0x0000000000011fde                unc_mxconf
                0x0000000000011fe2                unc_ctxconf
                0x0000000000011fe6                unc_llconf
 .rodata        0x0000000000011fee       0x28 contiki-z1.a(uip-debug.o)
 .rodata        0x0000000000012016        0xd contiki-z1.a(tcpip.o)
 .rodata        0x0000000000012023       0x84 contiki-z1.a(rpl-dag.o)
 *fill*         0x00000000000120a7        0x1 00
 .rodata        0x00000000000120a8        0x8 contiki-z1.a(linkaddr.o)
                0x00000000000120a8                linkaddr_null
 .rodata        0x00000000000120b0       0x14 contiki-z1.a(csma.o)
                0x00000000000120b6                csma_driver
 .rodata        0x00000000000120c4        0x6 contiki-z1.a(framer-802154.o)
                0x00000000000120c4                framer_802154
 .rodata        0x00000000000120ca       0x1c contiki-z1.a(contikimac.o)
                0x00000000000120d6                contikimac_driver
 .rodata        0x00000000000120e6       0x10 contiki-z1.a(nullsec.o)
                0x00000000000120ee                nullsec_driver
 .rodata        0x00000000000120f6       0x10 contiki-z1.a(button-sensor.o)
                0x00000000000120fe                button_sensor
 .rodata        0x0000000000012106        0x2 contiki-z1.a(frame802154.o)
 .rodata        0x0000000000012108        0x8 /usr/lib/gcc/msp430/4.6.3/mcpu-430x/mmpy-16/libgcc.a(_thenan_sf.o)
                0x0000000000012108                __thenan_sf
 .rodata        0x0000000000012110      0x100 /usr/lib/gcc/msp430/4.6.3/mcpu-430x/mmpy-16/libgcc.a(_clz.o)
                0x0000000000012110                __clz_tab
 .rodata        0x0000000000012210        0x7 /usr/lib/gcc/msp430/4.6.3/../../../../msp430/lib/mcpu-430x/mmpy-16/libc.a(vuprintf.o)
                0x0000000000012218                . = ALIGN (0x2)
 *fill*         0x0000000000012217        0x1 00
                0x0000000000012218                _etext = .

.data           0x0000000000001100      0x154 load address 0x0000000000012218
                0x0000000000001100                . = ALIGN (0x2)
                0x0000000000001100                PROVIDE (__data_start, .)
 *(.data .data.* .gnu.linkonce.d.*)
 .data          0x0000000000001100        0x0 /usr/lib/gcc/msp430/4.6.3/mcpu-430x/mmpy-16/crt0ivtbl32.o
 .data          0x0000000000001100       0x42 test.co
                0x0000000000001130                class_names
                0x0000000000001136                iris_data
                0x0000000000001138                neuronal
 .data          0x0000000000001142        0x0 obj_z1/contiki-z1-main.o
 .data          0x0000000000001142        0x0 contiki-z1.a(contiki-z1-plat)
 .data          0x0000000000001142        0x2 contiki-z1.a(msp430.o)
 .data          0x0000000000001144        0x0 contiki-z1.a(leds.o)
 .data          0x0000000000001144        0x0 contiki-z1.a(watchdog.o)
 .data          0x0000000000001144        0x0 contiki-z1.a(xmem.o)
 .data          0x0000000000001144        0x0 contiki-z1.a(spi.o)
 .data          0x0000000000001144        0xc contiki-z1.a(cc2420.o)
                0x0000000000001144                cc2420_process
 .data          0x0000000000001150        0x0 contiki-z1.a(cc2420-arch.o)
 .data          0x0000000000001150        0x0 contiki-z1.a(node-id.o)
 .data          0x0000000000001150        0xa contiki-z1.a(sensors.o)
                0x0000000000001150                sensors_process
 .data          0x000000000000115a        0x0 contiki-z1.a(cfs-coffee.o)
 .data          0x000000000000115a        0x0 contiki-z1.a(uart0.o)
 .data          0x000000000000115a        0x0 contiki-z1.a(uart0-putchar.o)
 .data          0x000000000000115a        0x8 contiki-z1.a(z1-sensors.o)
                0x000000000000115a                sensors
 .data          0x0000000000001162       0x20 contiki-z1.a(adxl345.o)
                0x0000000000001162                accmeter_process
 .data          0x0000000000001182        0x0 contiki-z1.a(tmp102.o)
 .data          0x0000000000001182        0x0 contiki-z1.a(clock.o)
 .data          0x0000000000001182        0x0 contiki-z1.a(leds-arch.o)
 .data          0x0000000000001182        0x0 contiki-z1.a(rtimer-arch.o)
 .data          0x0000000000001182        0x0 contiki-z1.a(autostart.o)
 .data          0x0000000000001182        0x0 contiki-z1.a(energest.o)
 .data          0x0000000000001182        0xa contiki-z1.a(etimer.o)
                0x0000000000001182                etimer_process
 .data          0x000000000000118c        0xa contiki-z1.a(ctimer.o)
                0x000000000000118c                ctimer_process
 .data          0x0000000000001196        0x0 contiki-z1.a(process.o)
 .data          0x0000000000001196        0x0 contiki-z1.a(rtimer.o)
 .data          0x0000000000001196        0x0 contiki-z1.a(timer.o)
 .data          0x0000000000001196        0x0 contiki-z1.a(list.o)
 .data          0x0000000000001196        0x0 contiki-z1.a(random.o)
 .data          0x0000000000001196        0x0 contiki-z1.a(assert.o)
 .data          0x0000000000001196        0x0 contiki-z1.a(uip-ds6.o)
 .data          0x0000000000001196       0x22 contiki-z1.a(uip-ds6-route.o)
                0x0000000000001196                nbr_routes
 .data          0x00000000000011b8        0x0 contiki-z1.a(uip6.o)
 .data          0x00000000000011b8        0xa contiki-z1.a(uip-ds6-nbr.o)
                0x00000000000011b8                ds6_neighbors
 .data          0x00000000000011c2        0x6 contiki-z1.a(uip-nd6.o)
 .data          0x00000000000011c8        0x0 contiki-z1.a(sicslowpan.o)
 .data          0x00000000000011c8        0x0 contiki-z1.a(uip-debug.o)
 .data          0x00000000000011c8        0xa contiki-z1.a(tcpip.o)
                0x00000000000011c8                tcpip_process
 .data          0x00000000000011d2        0xa contiki-z1.a(rpl-dag.o)
                0x00000000000011d2                rpl_parents
 .data          0x00000000000011dc        0x0 contiki-z1.a(rpl-timers.o)
 .data          0x00000000000011dc        0x0 contiki-z1.a(rpl-ext-header.)
 .data          0x00000000000011dc        0x0 contiki-z1.a(rpl.o)
 .data          0x00000000000011dc       0x12 contiki-z1.a(rpl-mrhof.o)
                0x00000000000011dc                rpl_mrhof
 .data          0x00000000000011ee       0x1a contiki-z1.a(rpl-icmp6.o)
 .data          0x0000000000001208       0x10 contiki-z1.a(queuebuf.o)
 .data          0x0000000000001218        0x8 contiki-z1.a(nbr-table.o)
 .data          0x0000000000001220        0x0 contiki-z1.a(packetbuf.o)
 .data          0x0000000000001220        0x0 contiki-z1.a(linkaddr.o)
 .data          0x0000000000001220        0x8 contiki-z1.a(link-stats.o)
 .data          0x0000000000001228       0x18 contiki-z1.a(csma.o)
 .data          0x0000000000001240        0x0 contiki-z1.a(mac.o)
 .data          0x0000000000001240        0x0 contiki-z1.a(framer-802154.o)
 .data          0x0000000000001240        0x0 contiki-z1.a(contikimac.o)
 .data          0x0000000000001240        0x0 contiki-z1.a(nullsec.o)
 .data          0x0000000000001240        0x1 contiki-z1.a(i2cmaster.o)
                0x0000000000001240                prescale_lsb
 .data          0x0000000000001241        0x0 contiki-z1.a(button-sensor.o)
 .data          0x0000000000001241        0x0 contiki-z1.a(stimer.o)
 .data          0x0000000000001241        0x0 contiki-z1.a(memb.o)
 *fill*         0x0000000000001241        0x1 00
 .data          0x0000000000001242        0xc contiki-z1.a(uip-icmp6.o)
 .data          0x000000000000124e        0x0 contiki-z1.a(rpl-nbr-policy.)
 .data          0x000000000000124e        0x0 contiki-z1.a(mac-sequence.o)
 .data          0x000000000000124e        0x2 contiki-z1.a(frame802154.o)
 .data          0x0000000000001250        0x0 /usr/lib/gcc/msp430/4.6.3/mcpu-430x/mmpy-16/libgcc.a(_mulsi3.o)
 .data          0x0000000000001250        0x0 /usr/lib/gcc/msp430/4.6.3/mcpu-430x/mmpy-16/libgcc.a(_udivmod16.o)
 .data          0x0000000000001250        0x0 /usr/lib/gcc/msp430/4.6.3/mcpu-430x/mmpy-16/libgcc.a(_divmod16.o)
 .data          0x0000000000001250        0x0 /usr/lib/gcc/msp430/4.6.3/mcpu-430x/mmpy-16/libgcc.a(_udivmod32.o)
 .data          0x0000000000001250        0x0 /usr/lib/gcc/msp430/4.6.3/mcpu-430x/mmpy-16/libgcc.a(_divmod32.o)
 .data          0x0000000000001250        0x0 /usr/lib/gcc/msp430/4.6.3/mcpu-430x/mmpy-16/libgcc.a(_addsub_sf.o)
 .data          0x0000000000001250        0x0 /usr/lib/gcc/msp430/4.6.3/mcpu-430x/mmpy-16/libgcc.a(_mul_sf.o)
 .data          0x0000000000001250        0x0 /usr/lib/gcc/msp430/4.6.3/mcpu-430x/mmpy-16/libgcc.a(_div_sf.o)
 .data          0x0000000000001250        0x0 /usr/lib/gcc/msp430/4.6.3/mcpu-430x/mmpy-16/libgcc.a(_gt_sf.o)
 .data          0x0000000000001250        0x0 /usr/lib/gcc/msp430/4.6.3/mcpu-430x/mmpy-16/libgcc.a(_lt_sf.o)
 .data          0x0000000000001250        0x0 /usr/lib/gcc/msp430/4.6.3/mcpu-430x/mmpy-16/libgcc.a(_si_to_sf.o)
 .data          0x0000000000001250        0x0 /usr/lib/gcc/msp430/4.6.3/mcpu-430x/mmpy-16/libgcc.a(_sf_to_si.o)
 .data          0x0000000000001250        0x0 /usr/lib/gcc/msp430/4.6.3/mcpu-430x/mmpy-16/libgcc.a(_thenan_sf.o)
 .data          0x0000000000001250        0x0 /usr/lib/gcc/msp430/4.6.3/mcpu-430x/mmpy-16/libgcc.a(_clzsi2.o)
 .data          0x0000000000001250        0x0 /usr/lib/gcc/msp430/4.6.3/mcpu-430x/mmpy-16/libgcc.a(_pack_sf.o)
 .data          0x0000000000001250        0x0 /usr/lib/gcc/msp430/4.6.3/mcpu-430x/mmpy-16/libgcc.a(_unpack_sf.o)
 .data          0x0000000000001250        0x0 /usr/lib/gcc/msp430/4.6.3/mcpu-430x/mmpy-16/libgcc.a(_fpcmp_parts_sf.o)
 .data          0x0000000000001250        0x0 /usr/lib/gcc/msp430/4.6.3/mcpu-430x/mmpy-16/libgcc.a(_clz.o)
 .data          0x0000000000001250        0x0 /usr/lib/gcc/msp430/4.6.3/../../../../msp430/lib/mcpu-430x/mmpy-16/libc.a(strcmp.o)
 .data          0x0000000000001250        0x0 /usr/lib/gcc/msp430/4.6.3/../../../../msp430/lib/mcpu-430x/mmpy-16/libc.a(strncmp.o)
 .data          0x0000000000001250        0x0 /usr/lib/gcc/msp430/4.6.3/../../../../msp430/lib/mcpu-430x/mmpy-16/libc.a(memcmp.o)
 .data          0x0000000000001250        0x0 /usr/lib/gcc/msp430/4.6.3/../../../../msp430/lib/mcpu-430x/mmpy-16/libc.a(strncpy.o)
 .data          0x0000000000001250        0x0 /usr/lib/gcc/msp430/4.6.3/../../../../msp430/lib/mcpu-430x/mmpy-16/libc.a(memcpy.o)
 .data          0x0000000000001250        0x0 /usr/lib/gcc/msp430/4.6.3/../../../../msp430/lib/mcpu-430x/mmpy-16/libc.a(memmove.o)
 .data          0x0000000000001250        0x0 /usr/lib/gcc/msp430/4.6.3/../../../../msp430/lib/mcpu-430x/mmpy-16/libc.a(memset.o)
 .data          0x0000000000001250        0x0 /usr/lib/gcc/msp430/4.6.3/../../../../msp430/lib/mcpu-430x/mmpy-16/libc.a(strtok.o)
 .data          0x0000000000001250        0x0 /usr/lib/gcc/msp430/4.6.3/../../../../msp430/lib/mcpu-430x/mmpy-16/libc.a(malloc.o)
 .data          0x0000000000001250        0x0 /usr/lib/gcc/msp430/4.6.3/../../../../msp430/lib/mcpu-430x/mmpy-16/libc.a(printf.o)
 .data          0x0000000000001250        0x0 /usr/lib/gcc/msp430/4.6.3/../../../../msp430/lib/mcpu-430x/mmpy-16/libc.a(vuprintf.o)
 .data          0x0000000000001250        0x0 /usr/lib/gcc/msp430/4.6.3/../../../../msp430/lib/mcpu-430x/mmpy-16/libc.a(puts.o)
 .data          0x0000000000001250        0x4 /usr/lib/gcc/msp430/4.6.3/../../../../msp430/lib/mcpu-430x/mmpy-16/libc.a(rand.o)
 .data          0x0000000000001254        0x0 /usr/lib/gcc/msp430/4.6.3/mcpu-430x/mmpy-16/libgcc.a(_udivmod64.o)
 .data          0x0000000000001254        0x0 /usr/lib/gcc/msp430/4.6.3/mcpu-430x/mmpy-16/libcrt0.a(_reset_vector__.o)
 .data          0x0000000000001254        0x0 /usr/lib/gcc/msp430/4.6.3/mcpu-430x/mmpy-16/libcrt0.a(__watchdog_support.o)
 .data          0x0000000000001254        0x0 /usr/lib/gcc/msp430/4.6.3/mcpu-430x/mmpy-16/libcrt0.a(__init_stack.o)
 .data          0x0000000000001254        0x0 /usr/lib/gcc/msp430/4.6.3/mcpu-430x/mmpy-16/libcrt0.a(__low_level_init.o)
 .data          0x0000000000001254        0x0 /usr/lib/gcc/msp430/4.6.3/mcpu-430x/mmpy-16/libcrt0.a(_copy_data.o)
 .data          0x0000000000001254        0x0 /usr/lib/gcc/msp430/4.6.3/mcpu-430x/mmpy-16/libcrt0.a(_clear_bss.o)
 .data          0x0000000000001254        0x0 /usr/lib/gcc/msp430/4.6.3/mcpu-430x/mmpy-16/libcrt0.a(__stop_progExec__.o)
 .data          0x0000000000001254        0x0 /usr/lib/gcc/msp430/4.6.3/mcpu-430x/mmpy-16/libcrt0.a(_endless_loop__.o)
 .data          0x0000000000001254        0x0 /usr/lib/gcc/msp430/4.6.3/mcpu-430x/mmpy-16/libcrt0.a(_unexpected_.o)
                0x0000000000001254                . = ALIGN (0x2)
                0x0000000000001254                _edata = .
                0x0000000000012218                PROVIDE (__data_load_start, LOADADDR (.data))
                0x0000000000000154                PROVIDE (__data_size, SIZEOF (.data))

.bss            0x0000000000001254     0x190c load address 0x000000000001236c
                0x0000000000001254                PROVIDE (__bss_start, .)
 *(.bss .bss.*)
 .bss           0x0000000000001254        0x0 /usr/lib/gcc/msp430/4.6.3/mcpu-430x/mmpy-16/crt0ivtbl32.o
 .bss           0x0000000000001254        0x0 test.co
 .bss           0x0000000000001254        0x4 obj_z1/contiki-z1-main.o
 .bss           0x0000000000001258        0x0 contiki-z1.a(contiki-z1-plat)
 .bss           0x0000000000001258        0x0 contiki-z1.a(msp430.o)
 .bss           0x0000000000001258        0x1 contiki-z1.a(leds.o)
 *fill*         0x0000000000001259        0x1 00
 .bss           0x000000000000125a        0x2 contiki-z1.a(watchdog.o)
 .bss           0x000000000000125c        0x0 contiki-z1.a(xmem.o)
 .bss           0x000000000000125c        0x2 contiki-z1.a(spi.o)
                0x000000000000125c                spi_busy
 .bss           0x000000000000125e        0xa contiki-z1.a(cc2420.o)
 .bss           0x0000000000001268        0x0 contiki-z1.a(cc2420-arch.o)
 .bss           0x0000000000001268        0x2 contiki-z1.a(node-id.o)
                0x0000000000001268                node_id
 .bss           0x000000000000126a        0x6 contiki-z1.a(sensors.o)
 .bss           0x0000000000001270       0x90 contiki-z1.a(cfs-coffee.o)
 .bss           0x0000000000001300        0x4 contiki-z1.a(uart0.o)
 .bss           0x0000000000001304        0x0 contiki-z1.a(uart0-putchar.o)
 .bss           0x0000000000001304        0x0 contiki-z1.a(z1-sensors.o)
 .bss           0x0000000000001304       0x16 contiki-z1.a(adxl345.o)
 .bss           0x000000000000131a        0x1 contiki-z1.a(tmp102.o)
 *fill*         0x000000000000131b        0x1 00
 .bss           0x000000000000131c        0xa contiki-z1.a(clock.o)
 .bss           0x0000000000001326        0x0 contiki-z1.a(leds-arch.o)
 .bss           0x0000000000001326        0x0 contiki-z1.a(rtimer-arch.o)
 .bss           0x0000000000001326        0x0 contiki-z1.a(autostart.o)
 .bss           0x0000000000001326        0x0 contiki-z1.a(energest.o)
 .bss           0x0000000000001326        0x6 contiki-z1.a(etimer.o)
 .bss           0x000000000000132c        0x4 contiki-z1.a(ctimer.o)
 .bss           0x0000000000001330       0x38 contiki-z1.a(process.o)
                0x0000000000001330                process_current
                0x0000000000001332                process_list
 .bss           0x0000000000001368        0x2 contiki-z1.a(rtimer.o)
 .bss           0x000000000000136a        0x0 contiki-z1.a(timer.o)
 .bss           0x000000000000136a        0x0 contiki-z1.a(list.o)
 .bss           0x000000000000136a        0x0 contiki-z1.a(random.o)
 .bss           0x000000000000136a        0x0 contiki-z1.a(assert.o)
 .bss           0x000000000000136a       0x18 contiki-z1.a(uip-ds6.o)
 .bss           0x0000000000001382      0x2ba contiki-z1.a(uip-ds6-route.o)
 .bss           0x000000000000163c        0xc contiki-z1.a(uip6.o)
                0x000000000000163c                uip_ext_opt_offset
                0x000000000000163e                uip_ext_len
                0x0000000000001640                uip_ext_bitmap
 .bss           0x0000000000001648      0x10e contiki-z1.a(uip-ds6-nbr.o)
 .bss           0x0000000000001756        0x8 contiki-z1.a(uip-nd6.o)
 .bss           0x000000000000175e      0x6e6 contiki-z1.a(sicslowpan.o)
 .bss           0x0000000000001e44        0x0 contiki-z1.a(uip-debug.o)
 .bss           0x0000000000001e44       0x30 contiki-z1.a(tcpip.o)
 .bss           0x0000000000001e74       0x5a contiki-z1.a(rpl-dag.o)
 .bss           0x0000000000001ece       0x18 contiki-z1.a(rpl-timers.o)
 .bss           0x0000000000001ee6        0x0 contiki-z1.a(rpl-ext-header.)
 .bss           0x0000000000001ee6        0x2 contiki-z1.a(rpl.o)
 .bss           0x0000000000001ee8        0x0 contiki-z1.a(rpl-mrhof.o)
 .bss           0x0000000000001ee8        0x0 contiki-z1.a(rpl-icmp6.o)
 .bss           0x0000000000001ee8      0x2d0 contiki-z1.a(queuebuf.o)
 .bss           0x00000000000021b8       0xda contiki-z1.a(nbr-table.o)
 .bss           0x0000000000002292       0x86 contiki-z1.a(packetbuf.o)
 .bss           0x0000000000002318        0x0 contiki-z1.a(linkaddr.o)
 .bss           0x0000000000002318       0x96 contiki-z1.a(link-stats.o)
 .bss           0x00000000000023ae       0x88 contiki-z1.a(csma.o)
 .bss           0x0000000000002436        0x0 contiki-z1.a(mac.o)
 .bss           0x0000000000002436        0x2 contiki-z1.a(framer-802154.o)
 .bss           0x0000000000002438       0x2a contiki-z1.a(contikimac.o)
 .bss           0x0000000000002462        0x0 contiki-z1.a(nullsec.o)
 .bss           0x0000000000002462        0x4 contiki-z1.a(i2cmaster.o)
                0x0000000000002462                prescale_msb
 .bss           0x0000000000002466        0x8 contiki-z1.a(button-sensor.o)
 .bss           0x000000000000246e        0x0 contiki-z1.a(stimer.o)
 .bss           0x000000000000246e        0x0 contiki-z1.a(memb.o)
 .bss           0x000000000000246e       0x14 contiki-z1.a(uip-icmp6.o)
 .bss           0x0000000000002482       0x20 contiki-z1.a(rpl-nbr-policy.)
 .bss           0x00000000000024a2       0xe0 contiki-z1.a(mac-sequence.o)
 .bss           0x0000000000002582        0x0 contiki-z1.a(frame802154.o)
 .bss           0x0000000000002582        0x0 /usr/lib/gcc/msp430/4.6.3/mcpu-430x/mmpy-16/libgcc.a(_mulsi3.o)
 .bss           0x0000000000002582        0x0 /usr/lib/gcc/msp430/4.6.3/mcpu-430x/mmpy-16/libgcc.a(_udivmod16.o)
 .bss           0x0000000000002582        0x0 /usr/lib/gcc/msp430/4.6.3/mcpu-430x/mmpy-16/libgcc.a(_divmod16.o)
 .bss           0x0000000000002582        0x0 /usr/lib/gcc/msp430/4.6.3/mcpu-430x/mmpy-16/libgcc.a(_udivmod32.o)
 .bss           0x0000000000002582        0x0 /usr/lib/gcc/msp430/4.6.3/mcpu-430x/mmpy-16/libgcc.a(_divmod32.o)
 .bss           0x0000000000002582        0x0 /usr/lib/gcc/msp430/4.6.3/mcpu-430x/mmpy-16/libgcc.a(_addsub_sf.o)
 .bss           0x0000000000002582        0x0 /usr/lib/gcc/msp430/4.6.3/mcpu-430x/mmpy-16/libgcc.a(_mul_sf.o)
 .bss           0x0000000000002582        0x0 /usr/lib/gcc/msp430/4.6.3/mcpu-430x/mmpy-16/libgcc.a(_div_sf.o)
 .bss           0x0000000000002582        0x0 /usr/lib/gcc/msp430/4.6.3/mcpu-430x/mmpy-16/libgcc.a(_gt_sf.o)
 .bss           0x0000000000002582        0x0 /usr/lib/gcc/msp430/4.6.3/mcpu-430x/mmpy-16/libgcc.a(_lt_sf.o)
 .bss           0x0000000000002582        0x0 /usr/lib/gcc/msp430/4.6.3/mcpu-430x/mmpy-16/libgcc.a(_si_to_sf.o)
 .bss           0x0000000000002582        0x0 /usr/lib/gcc/msp430/4.6.3/mcpu-430x/mmpy-16/libgcc.a(_sf_to_si.o)
 .bss           0x0000000000002582        0x0 /usr/lib/gcc/msp430/4.6.3/mcpu-430x/mmpy-16/libgcc.a(_thenan_sf.o)
 .bss           0x0000000000002582        0x0 /usr/lib/gcc/msp430/4.6.3/mcpu-430x/mmpy-16/libgcc.a(_clzsi2.o)
 .bss           0x0000000000002582        0x0 /usr/lib/gcc/msp430/4.6.3/mcpu-430x/mmpy-16/libgcc.a(_pack_sf.o)
 .bss           0x0000000000002582        0x0 /usr/lib/gcc/msp430/4.6.3/mcpu-430x/mmpy-16/libgcc.a(_unpack_sf.o)
 .bss           0x0000000000002582        0x0 /usr/lib/gcc/msp430/4.6.3/mcpu-430x/mmpy-16/libgcc.a(_fpcmp_parts_sf.o)
 .bss           0x0000000000002582        0x0 /usr/lib/gcc/msp430/4.6.3/mcpu-430x/mmpy-16/libgcc.a(_clz.o)
 .bss           0x0000000000002582        0x0 /usr/lib/gcc/msp430/4.6.3/../../../../msp430/lib/mcpu-430x/mmpy-16/libc.a(strcmp.o)
 .bss           0x0000000000002582        0x0 /usr/lib/gcc/msp430/4.6.3/../../../../msp430/lib/mcpu-430x/mmpy-16/libc.a(strncmp.o)
 .bss           0x0000000000002582        0x0 /usr/lib/gcc/msp430/4.6.3/../../../../msp430/lib/mcpu-430x/mmpy-16/libc.a(memcmp.o)
 .bss           0x0000000000002582        0x0 /usr/lib/gcc/msp430/4.6.3/../../../../msp430/lib/mcpu-430x/mmpy-16/libc.a(strncpy.o)
 .bss           0x0000000000002582        0x0 /usr/lib/gcc/msp430/4.6.3/../../../../msp430/lib/mcpu-430x/mmpy-16/libc.a(memcpy.o)
 .bss           0x0000000000002582        0x0 /usr/lib/gcc/msp430/4.6.3/../../../../msp430/lib/mcpu-430x/mmpy-16/libc.a(memmove.o)
 .bss           0x0000000000002582        0x0 /usr/lib/gcc/msp430/4.6.3/../../../../msp430/lib/mcpu-430x/mmpy-16/libc.a(memset.o)
 .bss           0x0000000000002582        0x2 /usr/lib/gcc/msp430/4.6.3/../../../../msp430/lib/mcpu-430x/mmpy-16/libc.a(strtok.o)
 .bss           0x0000000000002584        0x1 /usr/lib/gcc/msp430/4.6.3/../../../../msp430/lib/mcpu-430x/mmpy-16/libc.a(malloc.o)
 .bss           0x0000000000002585        0x0 /usr/lib/gcc/msp430/4.6.3/../../../../msp430/lib/mcpu-430x/mmpy-16/libc.a(printf.o)
 .bss           0x0000000000002585        0x0 /usr/lib/gcc/msp430/4.6.3/../../../../msp430/lib/mcpu-430x/mmpy-16/libc.a(vuprintf.o)
 .bss           0x0000000000002585        0x0 /usr/lib/gcc/msp430/4.6.3/../../../../msp430/lib/mcpu-430x/mmpy-16/libc.a(puts.o)
 .bss           0x0000000000002585        0x0 /usr/lib/gcc/msp430/4.6.3/../../../../msp430/lib/mcpu-430x/mmpy-16/libc.a(rand.o)
 .bss           0x0000000000002585        0x0 /usr/lib/gcc/msp430/4.6.3/mcpu-430x/mmpy-16/libgcc.a(_udivmod64.o)
 .bss           0x0000000000002585        0x0 /usr/lib/gcc/msp430/4.6.3/mcpu-430x/mmpy-16/libcrt0.a(_reset_vector__.o)
 .bss           0x0000000000002585        0x0 /usr/lib/gcc/msp430/4.6.3/mcpu-430x/mmpy-16/libcrt0.a(__watchdog_support.o)
 .bss           0x0000000000002585        0x0 /usr/lib/gcc/msp430/4.6.3/mcpu-430x/mmpy-16/libcrt0.a(__init_stack.o)
 .bss           0x0000000000002585        0x0 /usr/lib/gcc/msp430/4.6.3/mcpu-430x/mmpy-16/libcrt0.a(__low_level_init.o)
 .bss           0x0000000000002585        0x0 /usr/lib/gcc/msp430/4.6.3/mcpu-430x/mmpy-16/libcrt0.a(_copy_data.o)
 .bss           0x0000000000002585        0x0 /usr/lib/gcc/msp430/4.6.3/mcpu-430x/mmpy-16/libcrt0.a(_clear_bss.o)
 .bss           0x0000000000002585        0x0 /usr/lib/gcc/msp430/4.6.3/mcpu-430x/mmpy-16/libcrt0.a(__stop_progExec__.o)
 .bss           0x0000000000002585        0x0 /usr/lib/gcc/msp430/4.6.3/mcpu-430x/mmpy-16/libcrt0.a(_endless_loop__.o)
 .bss           0x0000000000002585        0x0 /usr/lib/gcc/msp430/4.6.3/mcpu-430x/mmpy-16/libcrt0.a(_unexpected_.o)
 *(COMMON)
 *fill*         0x0000000000002585        0x1 00
 COMMON         0x0000000000002586        0x6 test.co
                0x0000000000002586                input
                0x0000000000002588                samples
                0x000000000000258a                class
 COMMON         0x000000000000258c        0x2 contiki-z1.a(msp430.o)
                0x000000000000258c                msp430_dco_required
 COMMON         0x000000000000258e       0x10 contiki-z1.a(cc2420.o)
                0x000000000000258e                cc2420_last_rssi
                0x0000000000002590                cc2420_sfd_start_time
                0x0000000000002592                cc2420_time_of_departure
                0x0000000000002594                cc2420_time_of_arrival
                0x0000000000002596                cc2420_last_correlation
                0x0000000000002598                cc2420_authority_level_of_sender
                0x000000000000259a                cc2420_sfd_counter
                0x000000000000259c                cc2420_sfd_end_time
 COMMON         0x000000000000259e        0x8 contiki-z1.a(node-id.o)
                0x000000000000259e                node_mac
 COMMON         0x00000000000025a6        0x1 contiki-z1.a(sensors.o)
                0x00000000000025a6                sensors_event
 *fill*         0x00000000000025a7        0x1 00
 COMMON         0x00000000000025a8        0x4 contiki-z1.a(z1-sensors.o)
                0x00000000000025a8                sensors_flags
 COMMON         0x00000000000025ac        0x4 contiki-z1.a(adxl345.o)
                0x00000000000025ac                accm_int2_cb
                0x00000000000025ae                accm_int1_cb
 COMMON         0x00000000000025b0       0x56 contiki-z1.a(energest.o)
                0x00000000000025b0                energest_total_time
                0x00000000000025e0                energest_total_count
                0x00000000000025e2                energest_current_mode
                0x00000000000025ee                energest_current_time
 COMMON         0x0000000000002606        0x1 contiki-z1.a(process.o)
                0x0000000000002606                process_maxevents
 *fill*         0x0000000000002607        0x1 00
 COMMON         0x0000000000002608      0x15c contiki-z1.a(uip-ds6.o)
                0x0000000000002608                uip_ds6_timer_ra
                0x0000000000002610                uip_ds6_if
                0x00000000000026fc                uip_ds6_netif_addr_list_offset
                0x00000000000026fd                uip_ds6_addr_size
                0x00000000000026fe                uip_ds6_prefix_list
                0x0000000000002758                uip_ds6_timer_periodic
 COMMON         0x0000000000002764      0x2a0 contiki-z1.a(uip6.o)
                0x0000000000002764                uip_len
                0x0000000000002766                uip_sappdata
                0x0000000000002768                uip_acc32
                0x000000000000276c                uip_lladdr
                0x0000000000002774                uip_aligned_buf
                0x0000000000002800                uip_flags
                0x0000000000002802                uip_next_hdr
                0x0000000000002804                uip_udp_conn
                0x0000000000002806                uip_appdata
                0x0000000000002808                uip_conn
                0x000000000000280a                uip_conns
                0x00000000000028ba                uip_listenports
                0x00000000000028ca                uip_slen
                0x00000000000028cc                uip_udp_conns
 COMMON         0x0000000000002a04        0x1 contiki-z1.a(tcpip.o)
                0x0000000000002a04                tcpip_event
 *fill*         0x0000000000002a05        0x1 00
 COMMON         0x0000000000002a06      0x100 contiki-z1.a(rpl-dag.o)
                0x0000000000002a06                default_instance
                0x0000000000002a08                instance_table
 COMMON         0x0000000000002b06       0x2e contiki-z1.a(packetbuf.o)
                0x0000000000002b06                packetbuf_addrs
                0x0000000000002b16                packetbuf_attrs
 COMMON         0x0000000000002b34        0x8 contiki-z1.a(linkaddr.o)
                0x0000000000002b34                linkaddr_node_addr
 COMMON         0x0000000000002b3c       0x14 contiki-z1.a(link-stats.o)
                0x0000000000002b3c                periodic_timer
 COMMON         0x0000000000002b50       0x10 contiki-z1.a(i2cmaster.o)
                0x0000000000002b50                transmit_data1
                0x0000000000002b51                rx_byte_ctr
                0x0000000000002b52                tx_buf_ptr
                0x0000000000002b54                tx_byte_ctr
                0x0000000000002b56                i
                0x0000000000002b58                receive_data
                0x0000000000002b5a                rx_buf
                0x0000000000002b5c                transmit_data2
                0x0000000000002b5e                rx_buf_ptr
                0x0000000000002b60                . = ALIGN (0x2)
                0x0000000000002b60                PROVIDE (__bss_end, .)
                0x000000000000190c                PROVIDE (__bss_size, SIZEOF (.bss))

.noinit         0x0000000000002b60        0x2 load address 0x000000000001236c
                0x0000000000002b60                PROVIDE (__noinit_start, .)
 *(.noinit .noinit.*)
 .noinit.crt0   0x0000000000002b60        0x2 /usr/lib/gcc/msp430/4.6.3/mcpu-430x/mmpy-16/libcrt0.a(__watchdog_support.o)
                0x0000000000002b60                __wdt_clear_value
                0x0000000000002b62                . = ALIGN (0x2)
                0x0000000000002b62                PROVIDE (__noinit_end, .)
                0x0000000000002b62                . = ALIGN (0x2)
                0x0000000000002b62                _end = .

.infomem        0x0000000000001000        0x0
 *(.infomem)
                0x0000000000001000                . = ALIGN (0x2)
 *(.infomem.*)

.infomemnobits  0x0000000000001000        0x0
 *(.infomemnobits)
                0x0000000000001000                . = ALIGN (0x2)
 *(.infomemnobits.*)

.infoa
 *(.infoa .infoa.*)

.infob
 *(.infob .infob.*)

.infoc
 *(.infoc .infoc.*)

.infod
 *(.infod .infod.*)

.vectors        0x000000000000ffc0       0x40
                0x000000000000ffc0                PROVIDE (__vectors_start, .)
 *(.vectors*)
 .vectors       0x000000000000ffc0       0x40 /usr/lib/gcc/msp430/4.6.3/mcpu-430x/mmpy-16/crt0ivtbl32.o
                0x000000000000ffc0                __ivtbl_32
                0x0000000000010000                _vectors_end = .

.fartext        0x0000000000010000        0x0
                0x0000000000010000                . = ALIGN (0x2)
 *(.fartext)
                0x0000000000010000                . = ALIGN (0x2)
 *(.fartext.*)