Archive member included because of file (symbol)

contiki-z1.a(contiki-z1-plat)
                              obj_z1/contiki-z1-main.o (init_platform)
contiki-z1.a(msp430.o)        obj_z1/contiki-z1-main.o (splhigh_)
contiki-z1.a(leds.o)          obj_z1/contiki-z1-main.o (leds_init)
contiki-z1.a(watchdog.o)      obj_z1/contiki-z1-main.o (watchdog_start)
contiki-z1.a(xmem.o)          obj_z1/contiki-z1-main.o (xmem_init)
contiki-z1.a(spi.o)           contiki-z1.a(xmem.o) (spi_init)
contiki-z1.a(cc2420.o)        obj_z1/contiki-z1-main.o (cc2420_set_pan_addr)
contiki-z1.a(cc2420-arch.o)   contiki-z1.a(cc2420.o) (cc2420_arch_init)
contiki-z1.a(node-id.o)       obj_z1/contiki-z1-main.o (node_id_restore)
contiki-z1.a(sensors.o)       contiki-z1.a(contiki-z1-plat) (sensors_process)
contiki-z1.a(uart0.o)         obj_z1/contiki-z1-main.o (uart0_active)
contiki-z1.a(uart0-putchar.o)
                              obj_z1/contiki-z1-main.o (putchar)
contiki-z1.a(z1-sensors.o)    contiki-z1.a(sensors.o) (sensors_flags)
contiki-z1.a(adxl345.o)       obj_z1/contiki-z1-main.o (adxl345)
contiki-z1.a(tmp102.o)        contiki-z1.a(z1-sensors.o) (tmp102)
contiki-z1.a(clock.o)         obj_z1/contiki-z1-main.o (clock_init)
contiki-z1.a(leds-arch.o)     contiki-z1.a(leds.o) (leds_arch_init)
contiki-z1.a(rtimer-arch.o)   obj_z1/contiki-z1-main.o (rtimer_arch_now)
contiki-z1.a(autostart.o)     obj_z1/contiki-z1-main.o (autostart_start)
contiki-z1.a(energest.o)      obj_z1/contiki-z1-main.o (energest_init)
contiki-z1.a(etimer.o)        contiki-z1.a(clock.o) (etimer_request_poll)
contiki-z1.a(ctimer.o)        obj_z1/contiki-z1-main.o (ctimer_init)
contiki-z1.a(process.o)       contiki-z1.a(etimer.o) (process_current)
contiki-z1.a(rtimer.o)        obj_z1/contiki-z1-main.o (rtimer_init)
contiki-z1.a(timer.o)         contiki-z1.a(adxl345.o) (timer_set)
contiki-z1.a(list.o)          contiki-z1.a(ctimer.o) (list_init)
contiki-z1.a(uip-ds6.o)       obj_z1/contiki-z1-main.o (uip_ds6_get_link_local)
contiki-z1.a(uip-ds6-route.o)
                              contiki-z1.a(uip-ds6.o) (uip_ds6_route_init)
contiki-z1.a(uip6.o)          obj_z1/contiki-z1-main.o (uip_lladdr)
contiki-z1.a(uip-ds6-nbr.o)   contiki-z1.a(uip-ds6.o) (uip_ds6_neighbors_init)
contiki-z1.a(uip-nd6.o)       contiki-z1.a(uip6.o) (uip_nd6_init)
contiki-z1.a(sicslowpan.o)    obj_z1/contiki-z1-main.o (sicslowpan_driver)
contiki-z1.a(uip-debug.o)     contiki-z1.a(uip-ds6-route.o) (uip_debug_ipaddr_print)
contiki-z1.a(tcpip.o)         contiki-z1.a(sicslowpan.o) (tcpip_set_outputfunc)
contiki-z1.a(rpl-dag.o)       contiki-z1.a(tcpip.o) (rpl_repair_root)
contiki-z1.a(rpl-timers.o)    contiki-z1.a(rpl-dag.o) (rpl_reset_dio_timer)
contiki-z1.a(rpl-ext-header.)
                              contiki-z1.a(uip6.o) (rpl_verify_hbh_header)
contiki-z1.a(rpl.o)           contiki-z1.a(rpl-timers.o) (rpl_get_mode)
contiki-z1.a(rpl-mrhof.o)     contiki-z1.a(rpl-dag.o) (rpl_mrhof)
contiki-z1.a(rpl-icmp6.o)     contiki-z1.a(rpl-dag.o) (rpl_icmp6_update_nbr_table)
contiki-z1.a(queuebuf.o)      obj_z1/contiki-z1-main.o (queuebuf_init)
contiki-z1.a(nbr-table.o)     contiki-z1.a(uip-ds6-route.o) (nbr_table_register)
contiki-z1.a(packetbuf.o)     contiki-z1.a(cc2420.o) (packetbuf_set_datalen)
contiki-z1.a(linkaddr.o)      obj_z1/contiki-z1-main.o (linkaddr_copy)
contiki-z1.a(link-stats.o)    contiki-z1.a(rpl-dag.o) (link_stats_from_lladdr)
contiki-z1.a(csma.o)          obj_z1/contiki-z1-main.o (csma_driver)
contiki-z1.a(mac.o)           contiki-z1.a(csma.o) (mac_call_sent_callback)
contiki-z1.a(framer-802154.o)
                              contiki-z1.a(sicslowpan.o) (framer_802154)
contiki-z1.a(contikimac.o)    obj_z1/contiki-z1-main.o (contikimac_driver)
contiki-z1.a(nullsec.o)       obj_z1/contiki-z1-main.o (nullsec_driver)
contiki-z1.a(i2cmaster.o)     contiki-z1.a(adxl345.o) (i2c_receiveinit)
contiki-z1.a(button-sensor.o)
                              contiki-z1.a(z1-sensors.o) (button_sensor)
contiki-z1.a(stimer.o)        contiki-z1.a(uip-ds6.o) (stimer_set)
contiki-z1.a(memb.o)          contiki-z1.a(uip-ds6-route.o) (memb_init)
contiki-z1.a(uip-icmp6.o)     contiki-z1.a(uip6.o) (uip_icmp6_input)
contiki-z1.a(rpl-nbr-policy.)
                              contiki-z1.a(nbr-table.o) (rpl_nbr_policy_find_removable)
contiki-z1.a(mac-sequence.o)  contiki-z1.a(contikimac.o) (mac_sequence_is_duplicate)
contiki-z1.a(frame802154.o)   contiki-z1.a(framer-802154.o) (frame802154_get_pan_id)
/usr/lib/gcc/msp430/4.6.3/mcpu-430x/mmpy-16/libgcc.a(_mulsi3.o)
                              contiki-z1.a(rpl-timers.o) (__mulsi3)
/usr/lib/gcc/msp430/4.6.3/mcpu-430x/mmpy-16/libgcc.a(_udivmod16.o)
                              contiki-z1.a(rpl-dag.o) (__udivhi3)
/usr/lib/gcc/msp430/4.6.3/mcpu-430x/mmpy-16/libgcc.a(_divmod16.o)
                              contiki-z1.a(tmp102.o) (__divhi3)
/usr/lib/gcc/msp430/4.6.3/mcpu-430x/mmpy-16/libgcc.a(_udivmod32.o)
[...]
Memory Configuration

Name             Origin             Length             Attributes
sfr              0x0000000000000000 0x0000000000000010
peripheral_8bit  0x0000000000000010 0x00000000000000f0
peripheral_16bit 0x0000000000000100 0x0000000000000100
ram_mirror       0x0000000000000200 0x0000000000000800 xw
infomem          0x0000000000001000 0x0000000000000100
infod            0x0000000000001000 0x0000000000000040
infoc            0x0000000000001040 0x0000000000000040
infob            0x0000000000001080 0x0000000000000040
infoa            0x00000000000010c0 0x0000000000000040
ram              0x0000000000001100 0x0000000000002000 xw
rom              0x0000000000003100 0x000000000000cebe xr
vectors          0x000000000000ffc0 0x0000000000000040
far_rom          0x0000000000010000 0x000000000000a000
bsl              0x0000000000000000 0x0000000000000000
ram2             0x0000000000000000 0x0000000000000000 xw
usbram           0x0000000000000000 0x0000000000000000 xw
*default*        0x0000000000000000 0xffffffffffffffff

Linker script and memory map

LOAD /usr/lib/gcc/msp430/4.6.3/mcpu-430x/mmpy-16/crt0ivtbl32.o
                0x0000000000000041                __P1SEL2 = 0x41
                0x0000000000000045                __P5SEL2 = 0x45
LOAD test.co
LOAD obj_z1/contiki-z1-main.o
LOAD contiki-z1.a
LOAD /usr/lib/gcc/msp430/4.6.3/mcpu-430x/mmpy-16/libgcc.a
LOAD /usr/lib/gcc/msp430/4.6.3/../../../../msp430/lib/mcpu-430x/mmpy-16/libc.a
LOAD /usr/lib/gcc/msp430/4.6.3/mcpu-430x/mmpy-16/libgcc.a
LOAD /usr/lib/gcc/msp430/4.6.3/mcpu-430x/mmpy-16/libcrt0.a
                0x0000000000000040                PROVIDE (__info_segment_size, 0x40)
                0x0000000000001000                PROVIDE (__infod, 0x1000)
                0x0000000000001040                PROVIDE (__infoc, 0x1040)
                0x0000000000001080                PROVIDE (__infob, 0x1080)
                0x00000000000010c0                PROVIDE (__infoa, 0x10c0)
                0x0000000000000000                __IE1 = 0x0
                0x0000000000000002                __IFG1 = 0x2
                0x0000000000000001                __IE2 = 0x1
                0x0000000000000003                __IFG2 = 0x3
                0x0000000000000006                __UC1IE = 0x6
                0x0000000000000007                __UC1IFG = 0x7
                0x00000000000001a0                __ADC12CTL0 = 0x1a0
                0x00000000000001a2                __ADC12CTL1 = 0x1a2
                0x00000000000001a4                __ADC12IFG = 0x1a4
                0x00000000000001a6                __ADC12IE = 0x1a6
                0x00000000000001a8                __ADC12IV = 0x1a8
                0x0000000000000140                __ADC12MEM0 = 0x140
                0x0000000000000142                __ADC12MEM1 = 0x142
                0x0000000000000144                __ADC12MEM2 = 0x144
                0x0000000000000146                __ADC12MEM3 = 0x146
                0x0000000000000148                __ADC12MEM4 = 0x148
                0x000000000000014a                __ADC12MEM5 = 0x14a
                0x000000000000014c                __ADC12MEM6 = 0x14c
                0x000000000000014e                __ADC12MEM7 = 0x14e
                0x0000000000000150                __ADC12MEM8 = 0x150
                0x0000000000000152                __ADC12MEM9 = 0x152
                0x0000000000000154                __ADC12MEM10 = 0x154
                0x0000000000000156                __ADC12MEM11 = 0x156
                0x0000000000000158                __ADC12MEM12 = 0x158
                0x000000000000015a                __ADC12MEM13 = 0x15a
                0x000000000000015c                __ADC12MEM14 = 0x15c
                0x000000000000015e                __ADC12MEM15 = 0x15e
                0x0000000000000080                __ADC12MCTL0 = 0x80
                0x0000000000000081                __ADC12MCTL1 = 0x81
                0x0000000000000082                __ADC12MCTL2 = 0x82
                0x0000000000000083                __ADC12MCTL3 = 0x83
                0x0000000000000084                __ADC12MCTL4 = 0x84
                0x0000000000000085                __ADC12MCTL5 = 0x85
                0x0000000000000086                __ADC12MCTL6 = 0x86
                0x0000000000000087                __ADC12MCTL7 = 0x87
                0x0000000000000088                __ADC12MCTL8 = 0x88
                0x0000000000000089                __ADC12MCTL9 = 0x89
                0x000000000000008a                __ADC12MCTL10 = 0x8a
                0x000000000000008b                __ADC12MCTL11 = 0x8b
                0x000000000000008c                __ADC12MCTL12 = 0x8c
                0x000000000000008d                __ADC12MCTL13 = 0x8d
                0x000000000000008e                __ADC12MCTL14 = 0x8e
                0x000000000000008f                __ADC12MCTL15 = 0x8f
                0x0000000000000056                __DCOCTL = 0x56
                0x0000000000000057                __BCSCTL1 = 0x57
                0x0000000000000058                __BCSCTL2 = 0x58
                0x0000000000000053                __BCSCTL3 = 0x53
                0x0000000000000059                __CACTL1 = 0x59
                0x000000000000005a                __CACTL2 = 0x5a
                0x000000000000005b                __CAPD = 0x5b
                0x00000000000001c0                __DAC12_0CTL = 0x1c0
                0x00000000000001c2                __DAC12_1CTL = 0x1c2
                0x00000000000001c8                __DAC12_0DAT = 0x1c8
                0x00000000000001ca                __DAC12_1DAT = 0x1ca
                0x0000000000000122                __DMACTL0 = 0x122
                0x0000000000000124                __DMACTL1 = 0x124
                0x0000000000000126                __DMAIV = 0x126
                0x00000000000001d0                __DMA0CTL = 0x1d0
                0x00000000000001dc                __DMA1CTL = 0x1dc
                0x00000000000001e8                __DMA2CTL = 0x1e8
                0x00000000000001d2                __DMA0SA = 0x1d2
                0x00000000000001d2                __DMA0SAL = 0x1d2
                0x00000000000001d6                __DMA0DA = 0x1d6
                0x00000000000001d6                __DMA0DAL = 0x1d6
                0x00000000000001da                __DMA0SZ = 0x1da
                0x00000000000001de                __DMA1SA = 0x1de
                0x00000000000001de                __DMA1SAL = 0x1de
                0x00000000000001e2                __DMA1DA = 0x1e2
                0x00000000000001e2                __DMA1DAL = 0x1e2
                0x00000000000001e6                __DMA1SZ = 0x1e6
                0x00000000000001ea                __DMA2SA = 0x1ea
                0x00000000000001ea                __DMA2SAL = 0x1ea
                0x00000000000001ee                __DMA2DA = 0x1ee
                0x00000000000001ee                __DMA2DAL = 0x1ee
                0x00000000000001f2                __DMA2SZ = 0x1f2
                0x0000000000000128                __FCTL1 = 0x128
                0x000000000000012a                __FCTL2 = 0x12a
                0x000000000000012c                __FCTL3 = 0x12c
                0x00000000000001be                __FCTL4 = 0x1be
                0x0000000000000130                __MPY = 0x130
                0x0000000000000132                __MPYS = 0x132
                0x0000000000000134                __MAC = 0x134
                0x0000000000000136                __MACS = 0x136
                0x0000000000000138                __OP2 = 0x138
                0x000000000000013a                __RESLO = 0x13a
                0x000000000000013c                __RESHI = 0x13c
                0x000000000000013e                __SUMEXT = 0x13e
                0x0000000000000020                __P1IN = 0x20
                0x0000000000000021                __P1OUT = 0x21
                0x0000000000000022                __P1DIR = 0x22
                0x0000000000000023                __P1IFG = 0x23
                0x0000000000000024                __P1IES = 0x24
                0x0000000000000025                __P1IE = 0x25
                0x0000000000000026                __P1SEL = 0x26
                0x0000000000000027                __P1REN = 0x27
                0x0000000000000028                __P2IN = 0x28
                0x0000000000000029                __P2OUT = 0x29
                0x000000000000002a                __P2DIR = 0x2a
                0x000000000000002b                __P2IFG = 0x2b
                0x000000000000002c                __P2IES = 0x2c
                0x000000000000002d                __P2IE = 0x2d
                0x000000000000002e                __P2SEL = 0x2e
                0x000000000000002f                __P2REN = 0x2f
                0x0000000000000018                __P3IN = 0x18
                0x0000000000000019                __P3OUT = 0x19
                0x000000000000001a                __P3DIR = 0x1a
                0x000000000000001b                __P3SEL = 0x1b
                0x0000000000000010                __P3REN = 0x10
                0x000000000000001c                __P4IN = 0x1c
                0x000000000000001d                __P4OUT = 0x1d
                0x000000000000001e                __P4DIR = 0x1e
                0x000000000000001f                __P4SEL = 0x1f
                0x0000000000000011                __P4REN = 0x11
                0x0000000000000030                __P5IN = 0x30
                0x0000000000000031                __P5OUT = 0x31
                0x0000000000000032                __P5DIR = 0x32
                0x0000000000000033                __P5SEL = 0x33
                0x0000000000000012                __P5REN = 0x12
                0x0000000000000034                __P6IN = 0x34
                0x0000000000000035                __P6OUT = 0x35
                0x0000000000000036                __P6DIR = 0x36
                0x0000000000000037                __P6SEL = 0x37
                0x0000000000000013                __P6REN = 0x13
                0x0000000000000038                __P7IN = 0x38
                0x000000000000003a                __P7OUT = 0x3a
                0x000000000000003c                __P7DIR = 0x3c
                0x000000000000003e                __P7SEL = 0x3e
                0x0000000000000014                __P7REN = 0x14
                0x0000000000000039                __P8IN = 0x39
                0x000000000000003b                __P8OUT = 0x3b
                0x000000000000003d                __P8DIR = 0x3d
                0x000000000000003f                __P8SEL = 0x3f
                0x0000000000000015                __P8REN = 0x15
                0x0000000000000038                __PAIN = 0x38
                0x000000000000003a                __PAOUT = 0x3a
                0x000000000000003c                __PADIR = 0x3c
                0x000000000000003e                __PASEL = 0x3e
                0x0000000000000014                __PAREN = 0x14
                0x0000000000000055                __SVSCTL = 0x55
                0x000000000000012e                __TAIV = 0x12e
                0x0000000000000160                __TACTL = 0x160
                0x0000000000000162                __TACCTL0 = 0x162
                0x0000000000000164                __TACCTL1 = 0x164
                0x0000000000000166                __TACCTL2 = 0x166
                0x0000000000000170                __TAR = 0x170
                0x0000000000000172                __TACCR0 = 0x172
                0x0000000000000174                __TACCR1 = 0x174
                0x0000000000000176                __TACCR2 = 0x176
                0x000000000000011e                __TBIV = 0x11e
                0x0000000000000180                __TBCTL = 0x180
                0x0000000000000182                __TBCCTL0 = 0x182
                0x0000000000000184                __TBCCTL1 = 0x184
                0x0000000000000186                __TBCCTL2 = 0x186
                0x0000000000000188                __TBCCTL3 = 0x188
                0x000000000000018a                __TBCCTL4 = 0x18a
                0x000000000000018c                __TBCCTL5 = 0x18c
                0x000000000000018e                __TBCCTL6 = 0x18e
                0x0000000000000190                __TBR = 0x190
                0x0000000000000192                __TBCCR0 = 0x192
                0x0000000000000194                __TBCCR1 = 0x194
                0x0000000000000196                __TBCCR2 = 0x196
                0x0000000000000198                __TBCCR3 = 0x198
                0x000000000000019a                __TBCCR4 = 0x19a
                0x000000000000019c                __TBCCR5 = 0x19c
                0x000000000000019e                __TBCCR6 = 0x19e
                0x0000000000000060                __UCA0CTL0 = 0x60
                0x0000000000000061                __UCA0CTL1 = 0x61
                0x0000000000000062                __UCA0BR0 = 0x62
                0x0000000000000063                __UCA0BR1 = 0x63
                0x0000000000000064                __UCA0MCTL = 0x64
                0x0000000000000065                __UCA0STAT = 0x65
                0x0000000000000066                __UCA0RXBUF = 0x66
                0x0000000000000067                __UCA0TXBUF = 0x67
                0x000000000000005d                __UCA0ABCTL = 0x5d
                0x000000000000005e                __UCA0IRTCTL = 0x5e
                0x000000000000005f                __UCA0IRRCTL = 0x5f
                0x0000000000000068                __UCB0CTL0 = 0x68
                0x0000000000000069                __UCB0CTL1 = 0x69
                0x000000000000006a                __UCB0BR0 = 0x6a
                0x000000000000006b                __UCB0BR1 = 0x6b
                0x000000000000006c                __UCB0I2CIE = 0x6c
                0x000000000000006d                __UCB0STAT = 0x6d
                0x000000000000006e                __UCB0RXBUF = 0x6e
                0x000000000000006f                __UCB0TXBUF = 0x6f
                0x0000000000000118                __UCB0I2COA = 0x118
                0x000000000000011a                __UCB0I2CSA = 0x11a
                0x00000000000000d0                __UCA1CTL0 = 0xd0
                0x00000000000000d1                __UCA1CTL1 = 0xd1
                0x00000000000000d2                __UCA1BR0 = 0xd2
                0x00000000000000d3                __UCA1BR1 = 0xd3
                0x00000000000000d4                __UCA1MCTL = 0xd4
                0x00000000000000d5                __UCA1STAT = 0xd5
                0x00000000000000d6                __UCA1RXBUF = 0xd6
                0x00000000000000d7                __UCA1TXBUF = 0xd7
                0x00000000000000cd                __UCA1ABCTL = 0xcd
                0x00000000000000ce                __UCA1IRTCTL = 0xce
                0x00000000000000cf                __UCA1IRRCTL = 0xcf
                0x00000000000000d8                __UCB1CTL0 = 0xd8
                0x00000000000000d9                __UCB1CTL1 = 0xd9
                0x00000000000000da                __UCB1BR0 = 0xda
                0x00000000000000db                __UCB1BR1 = 0xdb
                0x00000000000000dc                __UCB1I2CIE = 0xdc
                0x00000000000000dd                __UCB1STAT = 0xdd
                0x00000000000000de                __UCB1RXBUF = 0xde
                0x00000000000000df                __UCB1TXBUF = 0xdf
                0x000000000000017c                __UCB1I2COA = 0x17c
                0x000000000000017e                __UCB1I2CSA = 0x17e
                0x0000000000000120                __WDTCTL = 0x120
                0x00000000000010c0                __TLV_CHECKSUM = 0x10c0
                0x00000000000010f6                __TLV_DCO_30_TAG = 0x10f6
                0x00000000000010f7                __TLV_DCO_30_LEN = 0x10f7
                0x00000000000010da                __TLV_ADC12_1_TAG = 0x10da
                0x00000000000010db                __TLV_ADC12_1_LEN = 0x10db
                0x00000000000010f8                __CALDCO_16MHZ = 0x10f8
                0x00000000000010f9                __CALBC1_16MHZ = 0x10f9
                0x00000000000010fa                __CALDCO_12MHZ = 0x10fa
                0x00000000000010fb                __CALBC1_12MHZ = 0x10fb
                0x00000000000010fc                __CALDCO_8MHZ = 0x10fc
                0x00000000000010fd                __CALBC1_8MHZ = 0x10fd
                0x00000000000010fe                __CALDCO_1MHZ = 0x10fe
                0x00000000000010ff                __CALBC1_1MHZ = 0x10ff

.hash
 *(.hash)

.dynsym
 *(.dynsym)

.dynstr
 *(.dynstr)

.gnu.version
 *(.gnu.version)

.gnu.version_d
 *(.gnu.version_d)

.gnu.version_r
 *(.gnu.version_r)

.rel.init
 *(.rel.init)

.rela.init
 *(.rela.init)

.rel.fini
 *(.rel.fini)

.rela.fini
 *(.rela.fini)

.rel.text
 *(.rel.text .rel.text.* .rel.gnu.linkonce.t.*)

.rela.text
 *(.rela.text .rela.text.* .rela.gnu.linkonce.t.*)

.rel.rodata
 *(.rel.rodata .rel.rodata.* .rel.gnu.linkonce.r.*)

.rela.rodata
 *(.rela.rodata .rela.rodata.* .rela.gnu.linkonce.r.*)

.rel.data
 *(.rel.data .rel.data.* .rel.gnu.linkonce.d.*)

.rela.data
 *(.rela.data .rela.data.* .rela.gnu.linkonce.d.*)

.rel.bss
 *(.rel.bss .rel.bss.* .rel.gnu.linkonce.b.*)

.rela.bss
 *(.rela.bss .rela.bss.* .rela.gnu.linkonce.b.*)

.rel.ctors
 *(.rel.ctors)

.rela.ctors
 *(.rela.ctors)

.rel.dtors
 *(.rel.dtors)

.rela.dtors
 *(.rela.dtors)

.rel.got
 *(.rel.got)

.rela.got
 *(.rela.got)

.rel.plt
 *(.rel.plt)

.rela.plt
 *(.rela.plt)

.text           0x0000000000003100     0xc720
                0x0000000000003100                . = ALIGN (0x2)
 *(.init .init.*)
 *(.init0)
 .init0         0x0000000000003100        0x0 /usr/lib/gcc/msp430/4.6.3/mcpu-430x/mmpy-16/libcrt0.a(_reset_vector__.o)
                0x0000000000003100                _reset_vector__
 *(.init1)
 .init1         0x0000000000003100        0xc /usr/lib/gcc/msp430/4.6.3/mcpu-430x/mmpy-16/libcrt0.a(__watchdog_support.o)
                0x0000000000003100                __watchdog_support
 *(.init2)
 .init2         0x000000000000310c        0x4 /usr/lib/gcc/msp430/4.6.3/mcpu-430x/mmpy-16/libcrt0.a(__init_stack.o)
                0x000000000000310c                __init_stack
 *(.init3)
 .init3         0x0000000000003110        0x0 /usr/lib/gcc/msp430/4.6.3/mcpu-430x/mmpy-16/libcrt0.a(__low_level_init.o)
                0x0000000000003110                __low_level_init
 *(.init4)
 .init4         0x0000000000003110       0x18 /usr/lib/gcc/msp430/4.6.3/mcpu-430x/mmpy-16/libcrt0.a(_copy_data.o)
                0x0000000000003110                __do_copy_data
 .init4         0x0000000000003128       0x16 /usr/lib/gcc/msp430/4.6.3/mcpu-430x/mmpy-16/libcrt0.a(_clear_bss.o)
                0x0000000000003128                __do_clear_bss
 *(.init5)
 *(.init6)
 *(.init7)
 *(.init8)
 *(.init9)
 .init9         0x000000000000313e      0x350 obj_z1/contiki-z1-main.o
                0x000000000000313e                main
 *(.fini9)
 .fini9         0x000000000000348e        0x0 /usr/lib/gcc/msp430/4.6.3/mcpu-430x/mmpy-16/libcrt0.a(__stop_progExec__.o)
                0x000000000000348e                __stop_progExec__
 *(.fini8)
 *(.fini7)
 *(.fini6)
 *(.fini5)
 *(.fini4)
 *(.fini3)
 *(.fini2)
 *(.fini1)
 *(.fini0)
 .fini0         0x000000000000348e        0x6 /usr/lib/gcc/msp430/4.6.3/mcpu-430x/mmpy-16/libcrt0.a(_endless_loop__.o)
                0x000000000000348e                _endless_loop__
 *(.fini .fini.*)
                0x0000000000003494                . = ALIGN (0x2)
                0x0000000000003494                __ctors_start = .
 *(.ctors)
                0x0000000000003494                __ctors_end = .
                0x0000000000003494                __dtors_start = .
 *(.dtors)
                0x0000000000003494                __dtors_end = .
                0x0000000000003494                . = ALIGN (0x2)
 *(.text .text.* .gnu.linkonce.t.*)
 .text          0x0000000000003494        0x4 /usr/lib/gcc/msp430/4.6.3/mcpu-430x/mmpy-16/crt0ivtbl32.o
                0x0000000000003494                __isr_14
                0x0000000000003494                __isr_4
                0x0000000000003494                __isr_29
                0x0000000000003494                __isr_11
                0x0000000000003494                __isr_5
                0x0000000000003494                __isr_2
                0x0000000000003494                __isr_10
                0x0000000000003494                __isr_7
                0x0000000000003494                __isr_0
                0x0000000000003494                __isr_28
                0x0000000000003494                __isr_8
                0x0000000000003494                __isr_20
                0x0000000000003494                __isr_3
                0x0000000000003494                __isr_12
                0x0000000000003494                __isr_13
                0x0000000000003494                __isr_27
                0x0000000000003494                __isr_9
                0x0000000000003494                __isr_30
                0x0000000000003494                __isr_6
                0x0000000000003494                __isr_22
                0x0000000000003494                __isr_1
                0x0000000000003494                __isr_15
                0x0000000000003494                __isr_21
 .text.crt0     0x0000000000003498        0x0 /usr/lib/gcc/msp430/4.6.3/mcpu-430x/mmpy-16/crt0ivtbl32.o
 .text          0x0000000000003498      0x302 test.co
                0x0000000000003498                nn_act_linear
                0x000000000000349a                nn_act_sigmoid
                0x00000000000034ba                random_init
                0x00000000000034c0                random_rand
                0x00000000000034c6                nn_randomize
                0x00000000000034e6                nn_run
                0x0000000000003592                nn_init
                0x000000000000372a                nn_train
 .text          0x000000000000379a        0x6 obj_z1/contiki-z1-main.o
                0x000000000000379a                uip_log
 .text          0x00000000000037a0        0xc contiki-z1.a(contiki-z1-plat)
                0x00000000000037a0                init_platform
 .text          0x00000000000037ac       0xe8 contiki-z1.a(msp430.o)
                0x00000000000037ac                msp430_init_dco
                0x00000000000037d4                msp430_add_lpm_req
                0x00000000000037e0                msp430_remove_lpm_req
                0x00000000000037ec                splhigh_
                0x00000000000037f4                msp430_sync_dco
                0x0000000000003866                msp430_cpu_init
 .text          0x0000000000003894      0x146 contiki-z1.a(leds.o)
                0x0000000000003982                leds_init
                0x000000000000398c                leds_get
                0x0000000000003992                leds_set
                0x0000000000003998                leds_on
                0x00000000000039a2                leds_off
                0x00000000000039b0                leds_toggle
                0x00000000000039ba                leds_blink
 .text          0x00000000000039da       0x5c contiki-z1.a(watchdog.o)
                0x00000000000039da                __isr_26
                0x00000000000039da                watchdog_interrupt
                0x00000000000039e0                watchdog_start
                0x00000000000039f4                watchdog_periodic
                0x0000000000003a06                watchdog_stop
                0x0000000000003a1c                watchdog_init
                0x0000000000003a30                watchdog_reboot
 .text          0x0000000000003a36      0x350 contiki-z1.a(xmem.o)
                0x0000000000003aae                xmem_init
                0x0000000000003acc                xmem_pread
                0x0000000000003b9c                xmem_pwrite
                0x0000000000003cd0                xmem_erase
 .text          0x0000000000003d86       0x38 contiki-z1.a(spi.o)
                0x0000000000003d86                spi_init
 .text          0x0000000000003dbe      0xb74 contiki-z1.a(cc2420.o)
                0x00000000000041f4                cc2420_on
                0x0000000000004216                cc2420_off
                0x0000000000004440                cc2420_get_channel
                0x0000000000004446                cc2420_set_channel
                0x0000000000004480                cc2420_set_pan_addr
                0x00000000000044cc                cc2420_interrupt
                0x00000000000044e4                cc2420_set_txpower
                0x00000000000044f2                cc2420_get_txpower
                0x000000000000462e                cc2420_rssi
                0x0000000000004778                cc2420_set_cca_threshold
                0x0000000000004842                cc2420_init
 .text          0x0000000000004932       0x1a contiki-z1.a(cc2420-arch.o)
                0x0000000000004932                cc2420_arch_init
 .text          0x000000000000494c       0x9a contiki-z1.a(node-id.o)
                0x000000000000494c                node_id_restore
                0x0000000000004998                node_id_burn
 .text          0x00000000000049e6      0x158 contiki-z1.a(sensors.o)
                0x0000000000004aa4                sensors_first
                0x0000000000004aaa                sensors_next
                0x0000000000004ad6                sensors_changed
                0x0000000000004b00                sensors_find
 .text          0x0000000000004b3e       0xe6 contiki-z1.a(uart0.o)
                0x0000000000004b3e                uart0_active
                0x0000000000004b4c                uart0_set_input
                0x0000000000004b52                uart0_writeb
                0x0000000000004b6a                uart0_init
                0x0000000000004bbe                __isr_23
                0x0000000000004bbe                uart0_rx_interrupt
 .text          0x0000000000004c24       0x10 contiki-z1.a(uart0-putchar.o)
                0x0000000000004c24                putchar
 .text          0x0000000000004c34        0x0 contiki-z1.a(z1-sensors.o)
 .text          0x0000000000004c34      0x394 contiki-z1.a(adxl345.o)
                0x0000000000004d48                accm_read_axis
                0x0000000000004dce                accm_set_grange
                0x0000000000004dfe                accm_init
                0x0000000000004e74                accm_stop
                0x0000000000004ecc                accm_set_irq
                0x0000000000004f04                port1_isr
                0x0000000000004f04                __isr_18
 .text          0x0000000000004fc8      0x172 contiki-z1.a(tmp102.o)
                0x0000000000004fda                tmp102_init
                0x0000000000004ffe                tmp102_stop
                0x0000000000005030                tmp102_write_reg
                0x0000000000005068                tmp102_read_reg
                0x00000000000050c8                tmp102_read_temp_raw
                0x00000000000050d0                tmp102_read_temp_x100
                0x000000000000512c                tmp102_read_temp_simple
 .text          0x000000000000513a      0x1e8 contiki-z1.a(clock.o)
                0x000000000000513a                __isr_24
                0x000000000000513a                timera1
                0x0000000000005244                clock_time
                0x000000000000525e                clock_set
                0x0000000000005274                clock_fine_max
                0x000000000000527a                clock_fine
                0x0000000000005286                clock_init
                0x00000000000052ae                clock_delay
                0x00000000000052ba                clock_wait
                0x00000000000052e2                clock_set_seconds
                0x00000000000052fa                clock_seconds
                0x0000000000005314                clock_counter
 .text          0x0000000000005322       0x78 contiki-z1.a(leds-arch.o)
                0x0000000000005322                leds_arch_init
                0x0000000000005330                leds_arch_get
                0x0000000000005360                leds_arch_set
 .text          0x000000000000539a       0x7e contiki-z1.a(rtimer-arch.o)
                0x000000000000539a                rtimer_arch_init
                0x00000000000053a8                rtimer_arch_now
                0x00000000000053b6                __isr_25
                0x00000000000053b6                timera0
                0x0000000000005412                rtimer_arch_schedule
 .text          0x0000000000005418       0x2a contiki-z1.a(autostart.o)
                0x0000000000005418                autostart_start
                0x000000000000542e                autostart_exit
 .text          0x0000000000005442       0xae contiki-z1.a(energest.o)
                0x0000000000005442                energest_init
                0x000000000000546a                energest_type_time
                0x00000000000054a6                energest_leveldevice_leveltime
                0x00000000000054ac                energest_type_set
                0x00000000000054b8                energest_flush
 .text          0x00000000000054f0      0x270 contiki-z1.a(etimer.o)
                0x0000000000005560                etimer_request_poll
                0x000000000000566a                etimer_set
                0x000000000000567c                etimer_reset_with_new_interval
                0x000000000000569a                etimer_reset
                0x00000000000056ac                etimer_restart
                0x00000000000056be                etimer_adjust
                0x00000000000056d8                etimer_expired
                0x00000000000056e6                etimer_expiration_time
                0x00000000000056fa                etimer_start_time
                0x0000000000005702                etimer_pending
                0x000000000000570e                etimer_next_expiration_time
                0x0000000000005724                etimer_stop
 .text          0x0000000000005760      0x1c4 contiki-z1.a(ctimer.o)
                0x00000000000057fc                ctimer_init
                0x0000000000005814                ctimer_set_with_process
                0x0000000000005862                ctimer_set
                0x0000000000005872                ctimer_reset
                0x000000000000589e                ctimer_restart
                0x00000000000058ca                ctimer_stop
                0x00000000000058f2                ctimer_expired
 .text          0x0000000000005924      0x282 contiki-z1.a(process.o)
                0x0000000000005a24                process_alloc_event
                0x0000000000005a32                process_exit
                0x0000000000005a3c                process_init
                0x0000000000005a58                process_run
                0x0000000000005ae4                process_nevents
                0x0000000000005af2                process_post
                0x0000000000005b3c                process_post_synch
                0x0000000000005b4e                process_start
                0x0000000000005b80                process_poll
                0x0000000000005b98                process_is_running
 .text          0x0000000000005ba6       0x50 contiki-z1.a(rtimer.o)
                0x0000000000005ba6                rtimer_init
                0x0000000000005bac                rtimer_set
                0x0000000000005bd0                rtimer_run_next
 .text          0x0000000000005bf6       0x8c contiki-z1.a(timer.o)
                0x0000000000005bf6                timer_set
                0x0000000000005c12                timer_reset
                0x0000000000005c20                timer_restart
                0x0000000000005c34                timer_expired
                0x0000000000005c5e                timer_remaining
 .text          0x0000000000005c82       0xf6 contiki-z1.a(list.o)
                0x0000000000005c82                list_init
                0x0000000000005c88                list_head
                0x0000000000005c8c                list_copy
                0x0000000000005c92                list_tail
                0x0000000000005ca4                list_chop
                0x0000000000005cc8                list_pop
                0x0000000000005cd6                list_remove
                0x0000000000005d0a                list_push
                0x0000000000005d20                list_add
                0x0000000000005d46                list_length
                0x0000000000005d56                list_insert
                0x0000000000005d6c                list_item_next
 .text          0x0000000000005d78      0x688 contiki-z1.a(uip-ds6.o)
                0x0000000000005d78                uip_ds6_list_loop
                0x0000000000005dde                uip_ds6_prefix_add
                0x0000000000005e4e                uip_ds6_prefix_rm
                0x0000000000005e58                uip_ds6_prefix_lookup
                0x0000000000005e80                uip_ds6_is_addr_onlink
                0x0000000000005ec2                uip_ds6_addr_lookup
                0x0000000000005eec                uip_ds6_get_link_local
                0x0000000000005f2a                uip_ds6_get_global
                0x0000000000005f68                uip_ds6_maddr_add
                0x0000000000005fb0                uip_ds6_addr_add
                0x0000000000006064                uip_ds6_maddr_rm
                0x000000000000606e                uip_ds6_maddr_lookup
                0x0000000000006098                uip_ds6_addr_rm
                0x00000000000060ec                uip_ds6_periodic
                0x0000000000006132                uip_ds6_aaddr_add
                0x0000000000006178                uip_ds6_aaddr_rm
                0x0000000000006182                uip_ds6_aaddr_lookup
                0x00000000000061aa                uip_ds6_set_addr_iid
                0x00000000000061be                get_match_length
                0x00000000000061f8                uip_ds6_select_src
                0x0000000000006292                uip_ds6_compute_reachable_time
                0x00000000000062c8                uip_ds6_init
 .text          0x0000000000006400      0x49e contiki-z1.a(uip-ds6-route.o)
                0x0000000000006440                uip_ds6_notification_add
                0x0000000000006458                uip_ds6_notification_rm
                0x0000000000006464                uip_ds6_route_init
                0x000000000000649a                uip_ds6_route_nexthop
                0x00000000000064b4                uip_ds6_route_head
                0x00000000000064be                uip_ds6_route_next
                0x00000000000064cc                uip_ds6_route_is_nexthop
                0x00000000000064ea                uip_ds6_route_num_routes
                0x00000000000064f0                uip_ds6_route_lookup
                0x000000000000655e                uip_ds6_route_rm
                0x0000000000006638                uip_ds6_route_add
                0x0000000000006734                uip_ds6_route_rm_by_nexthop
                0x0000000000006748                uip_ds6_defrt_head
                0x0000000000006752                uip_ds6_defrt_rm
                0x0000000000006796                uip_ds6_defrt_lookup
                0x00000000000067c8                uip_ds6_defrt_add
                0x0000000000006830                uip_ds6_defrt_choose
                0x0000000000006866                uip_ds6_defrt_periodic
 .text          0x000000000000689e     0x12b4 contiki-z1.a(uip6.o)
                0x00000000000069f2                uip_add32
                0x0000000000006a56                uip_chksum
                0x0000000000006a6e                uip_icmp6chksum
                0x0000000000006a78                uip_tcpchksum
                0x0000000000006a82                uip_udpchksum
                0x0000000000006a8c                uip_init
                0x0000000000006ae2                uip_connect
                0x0000000000006be8                remove_ext_hdr
                0x0000000000006c3a                uip_udp_new
                0x0000000000006cda                uip_unlisten
                0x0000000000006cf6                uip_listen
                0x0000000000006d14                uip_process
                0x0000000000007ab4                uip_htons
                0x0000000000007ac0                uip_htonl
                0x0000000000007aea                uip_send
 .text.unlikely
                0x0000000000007b52       0x2e contiki-z1.a(uip6.o)
 .text          0x0000000000007b80      0x12c contiki-z1.a(uip-ds6-nbr.o)
                0x0000000000007b80                uip_ds6_nbr_rm
                0x0000000000007b9e                uip_ds6_neighbors_init
                0x0000000000007bb0                uip_ds6_nbr_add
                0x0000000000007be6                uip_ds6_nbr_get_ipaddr
                0x0000000000007be8                uip_ds6_nbr_get_ll
                0x0000000000007bf4                uip_ds6_nbr_num
                0x0000000000007c18                uip_ds6_nbr_lookup
                0x0000000000007c56                uip_ds6_nbr_ll_lookup
                0x0000000000007c62                uip_ds6_nbr_ipaddr_from_lladdr
                0x0000000000007c68                uip_ds6_nbr_lladdr_from_ipaddr
                0x0000000000007c7a                uip_ds6_link_neighbor_callback
 .text          0x0000000000007cac      0x26c contiki-z1.a(uip-nd6.o)
                0x0000000000007f0e                uip_nd6_init
 .text          0x0000000000007f18     0x1126 contiki-z1.a(sicslowpan.o)
                0x00000000000088f4                sicslowpan_init
                0x000000000000902c                rime_sniffer_add
                0x0000000000009032                rime_sniffer_remove
                0x0000000000009038                sicslowpan_get_last_rssi
 .text          0x000000000000903e       0xba contiki-z1.a(uip-debug.o)
                0x000000000000903e                uip_debug_ipaddr_print
 .text          0x00000000000090f8      0x408 contiki-z1.a(tcpip.o)
                0x000000000000910e                tcpip_output
                0x000000000000911e                tcpip_set_outputfunc
                0x0000000000009124                tcp_unlisten
                0x000000000000914a                tcp_listen
                0x000000000000916e                tcp_attach
                0x000000000000917a                udp_attach
                0x0000000000009186                udp_new
                0x00000000000091a0                udp_broadcast_new
                0x00000000000091e6                tcpip_input
                0x00000000000091fc                tcpip_ipv6_output
                0x000000000000945e                tcpip_poll_udp
                0x000000000000946c                tcpip_poll_tcp
                0x000000000000947a                tcp_connect
                0x000000000000949c                tcpip_uipcall
 .text          0x0000000000009500     0x1212 contiki-z1.a(rpl-dag.o)
                0x0000000000009668                rpl_dag_init
                0x0000000000009676                rpl_get_parent
                0x0000000000009682                rpl_get_parent_rank
                0x000000000000969a                rpl_get_parent_link_metric
                0x00000000000096c8                rpl_rank_via_parent
                0x00000000000096f6                rpl_get_parent_lladdr
                0x0000000000009702                rpl_get_nbr
                0x000000000000971a                rpl_get_parent_ipaddr
                0x0000000000009724                rpl_get_parent_link_stats
                0x000000000000972e                rpl_print_neighbor_list
                0x000000000000983c                rpl_parent_is_fresh
                0x00000000000098b6                rpl_parent_is_reachable
                0x00000000000098fc                rpl_set_prefix
                0x0000000000009970                rpl_set_default_route
                0x00000000000099aa                rpl_alloc_instance
                0x00000000000099de                rpl_set_default_instance
                0x00000000000099e4                rpl_get_default_instance
                0x00000000000099ea                rpl_add_parent
                0x0000000000009a24                rpl_find_parent
                0x0000000000009a3c                rpl_find_parent_any_dag
                0x0000000000009a5c                rpl_select_parent
                0x0000000000009abe                rpl_select_dag
                0x0000000000009c2c                rpl_nullify_parent
                0x0000000000009c88                rpl_remove_parent
                0x0000000000009cd0                rpl_free_dag
                0x0000000000009d14                rpl_free_instance
                0x0000000000009d7c                rpl_move_parent
                0x0000000000009ddc                rpl_has_downward_route
                0x0000000000009df2                rpl_get_dag
                0x0000000000009e4e                rpl_get_any_dag
                0x0000000000009e66                rpl_get_instance
                0x0000000000009e80                rpl_alloc_dag
                0x0000000000009edc                rpl_repair_root
                0x0000000000009f2c                rpl_find_of
                0x0000000000009f3c                rpl_set_root
                0x000000000000a06a                rpl_join_instance
                0x000000000000a1ae                rpl_local_repair
                0x000000000000a22c                rpl_process_parent_event
                0x000000000000a2ae                rpl_recalculate_ranks
                0x000000000000a2f4                rpl_add_dag
                0x000000000000a3f8                rpl_process_dio
 .text          0x000000000000a712      0x504 contiki-z1.a(rpl-timers.o)
                0x000000000000a9e0                rpl_reset_periodic_timer
                0x000000000000aa3c                rpl_reset_dio_timer
                0x000000000000aa54                rpl_schedule_dao
                0x000000000000aa60                rpl_schedule_dao_immediately
                0x000000000000aa6a                rpl_cancel_dao
                0x000000000000aa84                rpl_schedule_unicast_dio_immediately
                0x000000000000aa9a                get_probing_delay
                0x000000000000aada                get_probing_target
                0x000000000000abbc                rpl_schedule_probing
 .text          0x000000000000ac16      0x332 contiki-z1.a(rpl-ext-header.)
                0x000000000000ad76                rpl_verify_hbh_header
                0x000000000000ae6e                rpl_remove_header
                0x000000000000aee4                rpl_update_header
 .text          0x000000000000af48      0x2a6 contiki-z1.a(rpl.o)
                0x000000000000af48                rpl_get_mode
                0x000000000000af4e                rpl_set_mode
                0x000000000000afa0                rpl_purge_routes
                0x000000000000b034                rpl_remove_routes
                0x000000000000b056                rpl_remove_routes_by_nexthop
                0x000000000000b094                rpl_add_route
                0x000000000000b0e2                rpl_link_neighbor_callback
                0x000000000000b12e                rpl_ipv6_neighbor_callback
                0x000000000000b14c                rpl_purge_dags
                0x000000000000b1aa                rpl_init
 .text          0x000000000000b1ee      0x190 contiki-z1.a(rpl-mrhof.o)
 .text          0x000000000000b37e      0xa6e contiki-z1.a(rpl-icmp6.o)
                0x000000000000b6b8                rpl_icmp6_update_nbr_table
                0x000000000000b956                dis_output
                0x000000000000b9a6                dio_output
                0x000000000000bc30                dao_output_target
                0x000000000000bd28                dao_output
                0x000000000000bdc8                dao_ack_output
                0x000000000000bdca                rpl_icmp6_register_handlers
 .text          0x000000000000bdec      0x13c contiki-z1.a(queuebuf.o)
                0x000000000000bdec                queuebuf_init
                0x000000000000bdfe                queuebuf_numfree
                0x000000000000be08                queuebuf_new_from_packetbuf
                0x000000000000be56                queuebuf_update_attr_from_packetbuf
                0x000000000000be68                queuebuf_update_from_packetbuf
                0x000000000000be8a                queuebuf_free
                0x000000000000beb4                queuebuf_to_packetbuf
                0x000000000000bee6                queuebuf_dataptr
                0x000000000000bf02                queuebuf_datalen
                0x000000000000bf0a                queuebuf_addr
                0x000000000000bf18                queuebuf_attr
                0x000000000000bf26                queuebuf_debug_print
 .text          0x000000000000bf28      0x4fc contiki-z1.a(nbr-table.o)
                0x000000000000c0fe                nbr_table_register
                0x000000000000c124                nbr_table_next
                0x000000000000c19c                nbr_table_head
                0x000000000000c1ce                nbr_table_add_lladdr
                0x000000000000c2ee                nbr_table_get_from_lladdr
                0x000000000000c332                nbr_table_remove
                0x000000000000c35c                nbr_table_lock
                0x000000000000c36c                nbr_table_unlock
                0x000000000000c37c                nbr_table_get_lladdr
                0x000000000000c3d0                nbr_table_update_lladdr
 .text          0x000000000000c424      0x1be contiki-z1.a(packetbuf.o)
                0x000000000000c424                packetbuf_hdrreduce
                0x000000000000c43e                packetbuf_set_datalen
                0x000000000000c444                packetbuf_hdrptr
                0x000000000000c44a                packetbuf_datalen
                0x000000000000c450                packetbuf_hdrlen
                0x000000000000c45a                packetbuf_dataptr
                0x000000000000c466                packetbuf_copyto
                0x000000000000c4a0                packetbuf_compact
                0x000000000000c4d6                packetbuf_totlen
                0x000000000000c4e2                packetbuf_hdralloc
                0x000000000000c51c                packetbuf_remaininglen
                0x000000000000c52a                packetbuf_attr_clear
                0x000000000000c552                packetbuf_clear
                0x000000000000c564                packetbuf_copyfrom
                0x000000000000c58e                packetbuf_attr_copyto
                0x000000000000c5b0                packetbuf_attr_copyfrom
                0x000000000000c5d4                packetbuf_holds_broadcast
 .text          0x000000000000c5e2       0x26 contiki-z1.a(linkaddr.o)
                0x000000000000c5e2                linkaddr_copy
                0x000000000000c5ea                linkaddr_cmp
                0x000000000000c5fc                linkaddr_set_node_addr
 .text          0x000000000000c608      0x238 contiki-z1.a(link-stats.o)
                0x000000000000c634                link_stats_from_lladdr
                0x000000000000c640                link_stats_is_fresh
                0x000000000000c670                guess_etx_from_rssi
                0x000000000000c6b2                link_stats_packet_sent
                0x000000000000c772                link_stats_input_callback
                0x000000000000c81e                link_stats_init
 .text          0x000000000000c840      0x38a contiki-z1.a(csma.o)
 .text          0x000000000000cbca       0x14 contiki-z1.a(mac.o)
                0x000000000000cbca                mac_call_sent_callback
 .text          0x000000000000cbde      0x1c6 contiki-z1.a(framer-802154.o)
 .text          0x000000000000cda4      0x5fc contiki-z1.a(contikimac.o)
                0x000000000000d39c                contikimac_debug_print
 .text          0x000000000000d3a0       0x12 contiki-z1.a(nullsec.o)
 .text          0x000000000000d3b2      0x1b2 contiki-z1.a(i2cmaster.o)
                0x000000000000d3b2                i2c_setrate
                0x000000000000d3b8                i2c_receiveinit
                0x000000000000d3f0                i2c_transmitinit
                0x000000000000d422                i2c_receive_n
                0x000000000000d466                i2c_busy
                0x000000000000d470                i2c_enable
                0x000000000000d494                i2c_disable
                0x000000000000d4ae                i2c_transmit_n
                0x000000000000d4c2                __isr_16
                0x000000000000d4c2                i2c_tx_interrupt
                0x000000000000d54c                i2c_rx_interrupt
                0x000000000000d54c                __isr_17
 .text          0x000000000000d564      0x100 contiki-z1.a(button-sensor.o)
                0x000000000000d5ee                irq_p2
                0x000000000000d5ee                __isr_19
 .text          0x000000000000d664       0xa4 contiki-z1.a(stimer.o)
                0x000000000000d664                stimer_set
                0x000000000000d680                stimer_reset
                0x000000000000d68e                stimer_restart
                0x000000000000d6a2                stimer_expired
                0x000000000000d6d2                stimer_remaining
                0x000000000000d6f6                stimer_elapsed
 .text          0x000000000000d708      0x102 contiki-z1.a(memb.o)
                0x000000000000d708                memb_init
                0x000000000000d73e                memb_alloc
                0x000000000000d77c                memb_free
                0x000000000000d7b6                memb_inmemb
                0x000000000000d7e4                memb_numfree
 .text          0x000000000000d80a      0x3e4 contiki-z1.a(uip-icmp6.o)
                0x000000000000d97e                uip_icmp6_input
                0x000000000000d9be                uip_icmp6_register_input_handler
                0x000000000000d9ca                uip_icmp6_error_output
                0x000000000000db32                uip_icmp6_send
                0x000000000000dbb8                uip_icmp6_echo_reply_callback_add
                0x000000000000dbd0                uip_icmp6_echo_reply_callback_rm
                0x000000000000dbdc                uip_icmp6_init
 .text          0x000000000000dbee      0x1a2 contiki-z1.a(rpl-nbr-policy.)
                0x000000000000dcda                find_removable_dis
                0x000000000000dcf0                find_removable_dio
                0x000000000000dd2c                find_removable_dao
                0x000000000000dd60                rpl_nbr_policy_find_removable
 .text          0x000000000000dd90       0xd0 contiki-z1.a(mac-sequence.o)
                0x000000000000dd90                mac_sequence_is_duplicate
                0x000000000000dde8                mac_sequence_register_seqno
 .text          0x000000000000de60      0x5f8 contiki-z1.a(frame802154.o)
                0x000000000000de60                frame802154_get_pan_id
                0x000000000000de66                frame802154_set_pan_id
                0x000000000000de6c                frame802154_has_panid
                0x000000000000dff6                frame802154_check_dest_panid
                0x000000000000e032                frame802154_is_broadcast_addr
                0x000000000000e056                frame802154_extract_linkaddr
                0x000000000000e0e2                frame802154_hdrlen
                0x000000000000e114                frame802154_create_fcf
                0x000000000000e182                frame802154_create
                0x000000000000e256                frame802154_parse_fcf
                0x000000000000e2e0                frame802154_parse
 .text          0x000000000000e458        0x0 /usr/lib/gcc/msp430/4.6.3/mcpu-430x/mmpy-16/libgcc.a(_mulsi3.o)
 .text.libgcc   0x000000000000e458       0x2a /usr/lib/gcc/msp430/4.6.3/mcpu-430x/mmpy-16/libgcc.a(_mulsi3.o)
                0x000000000000e458                __mulsi3
 .text          0x000000000000e482        0x0 /usr/lib/gcc/msp430/4.6.3/mcpu-430x/mmpy-16/libgcc.a(_udivmod16.o)
 .text.libgcc   0x000000000000e482       0x22 /usr/lib/gcc/msp430/4.6.3/mcpu-430x/mmpy-16/libgcc.a(_udivmod16.o)
                0x000000000000e482                __udivhi3
                0x000000000000e482                __ext_udivmod16
                0x000000000000e49c                __umodhi3
 .text          0x000000000000e4a4        0x0 /usr/lib/gcc/msp430/4.6.3/mcpu-430x/mmpy-16/libgcc.a(_divmod16.o)
 .text.libgcc   0x000000000000e4a4       0x3a /usr/lib/gcc/msp430/4.6.3/mcpu-430x/mmpy-16/libgcc.a(_divmod16.o)
                0x000000000000e4a4                __ext_divmod16
                0x000000000000e4a4                __divhi3
                0x000000000000e4d6                __modhi3
 .text          0x000000000000e4de        0x0 /usr/lib/gcc/msp430/4.6.3/mcpu-430x/mmpy-16/libgcc.a(_udivmod32.o)
 .text.libgcc   0x000000000000e4de       0x38 /usr/lib/gcc/msp430/4.6.3/mcpu-430x/mmpy-16/libgcc.a(_udivmod32.o)
                0x000000000000e4de                __udivsi3
                0x000000000000e4de                __ext_udivmod32
                0x000000000000e50c                __umodsi3
 .text          0x000000000000e516        0x0 /usr/lib/gcc/msp430/4.6.3/mcpu-430x/mmpy-16/libgcc.a(_divmod32.o)
 .text.libgcc   0x000000000000e516       0x4c /usr/lib/gcc/msp430/4.6.3/mcpu-430x/mmpy-16/libgcc.a(_divmod32.o)
                0x000000000000e516                __ext_divmod32
                0x000000000000e516                __divsi3
                0x000000000000e558                __modsi3
 .text          0x000000000000e562      0x318 /usr/lib/gcc/msp430/4.6.3/mcpu-430x/mmpy-16/libgcc.a(_addsub_sf.o)
                0x000000000000e7de                __addsf3
                0x000000000000e82a                __subsf3
 .text          0x000000000000e87a       0x50 /usr/lib/gcc/msp430/4.6.3/mcpu-430x/mmpy-16/libgcc.a(_eq_sf.o)
                0x000000000000e87a                __eqsf2
 .text          0x000000000000e8ca        0x0 /usr/lib/gcc/msp430/4.6.3/mcpu-430x/mmpy-16/libgcc.a(_thenan_sf.o)
 .text          0x000000000000e8ca      0x1c6 /usr/lib/gcc/msp430/4.6.3/mcpu-430x/mmpy-16/libgcc.a(_pack_sf.o)
                0x000000000000e8ca                __pack_f
 .text          0x000000000000ea90      0x10c /usr/lib/gcc/msp430/4.6.3/mcpu-430x/mmpy-16/libgcc.a(_unpack_sf.o)
                0x000000000000ea90                __unpack_f
 .text          0x000000000000eb9c       0xa4 /usr/lib/gcc/msp430/4.6.3/mcpu-430x/mmpy-16/libgcc.a(_fpcmp_parts_sf.o)
                0x000000000000eb9c                __fpcmp_parts_f
 .text          0x000000000000ec40       0x28 /usr/lib/gcc/msp430/4.6.3/../../../../msp430/lib/mcpu-430x/mmpy-16/libc.a(strncmp.o)
                0x000000000000ec40                strncmp
 .text          0x000000000000ec68       0x20 /usr/lib/gcc/msp430/4.6.3/../../../../msp430/lib/mcpu-430x/mmpy-16/libc.a(memcmp.o)
                0x000000000000ec68                memcmp
 .text          0x000000000000ec88       0xe4 /usr/lib/gcc/msp430/4.6.3/../../../../msp430/lib/mcpu-430x/mmpy-16/libc.a(memcpy.o)
                0x000000000000ec88                memcpy
 .text          0x000000000000ed6c       0xe4 /usr/lib/gcc/msp430/4.6.3/../../../../msp430/lib/mcpu-430x/mmpy-16/libc.a(memmove.o)
                0x000000000000ed6c                memmove
 .text          0x000000000000ee50       0x5c /usr/lib/gcc/msp430/4.6.3/../../../../msp430/lib/mcpu-430x/mmpy-16/libc.a(memset.o)
                0x000000000000ee50                memset
 .text          0x000000000000eeac       0x1e /usr/lib/gcc/msp430/4.6.3/../../../../msp430/lib/mcpu-430x/mmpy-16/libc.a(printf.o)
                0x000000000000eeac                printf
                0x000000000000eebc                vprintf
 .text          0x000000000000eeca      0x818 /usr/lib/gcc/msp430/4.6.3/../../../../msp430/lib/mcpu-430x/mmpy-16/libc.a(vuprintf.o)
                0x000000000000f046                vuprintf
 .text          0x000000000000f6e2       0x2c /usr/lib/gcc/msp430/4.6.3/../../../../msp430/lib/mcpu-430x/mmpy-16/libc.a(puts.o)
                0x000000000000f6e2                puts
 .text          0x000000000000f70e       0x54 /usr/lib/gcc/msp430/4.6.3/../../../../msp430/lib/mcpu-430x/mmpy-16/libc.a(rand.o)
                0x000000000000f70e                rand_r
                0x000000000000f732                rand
                0x000000000000f758                srand
 .text          0x000000000000f762        0x0 /usr/lib/gcc/msp430/4.6.3/mcpu-430x/mmpy-16/libgcc.a(_udivmod64.o)
 .text.libgcc   0x000000000000f762       0xbc /usr/lib/gcc/msp430/4.6.3/mcpu-430x/mmpy-16/libgcc.a(_udivmod64.o)
                0x000000000000f762                __xabi_udivmod64
                0x000000000000f7b4                __udivdi3
                0x000000000000f7ce                __umoddi3
                0x000000000000f7f0                __udivmoddi4
 .text          0x000000000000f81e        0x0 /usr/lib/gcc/msp430/4.6.3/mcpu-430x/mmpy-16/libcrt0.a(_reset_vector__.o)
 .text          0x000000000000f81e        0x0 /usr/lib/gcc/msp430/4.6.3/mcpu-430x/mmpy-16/libcrt0.a(__watchdog_support.o)
 .text          0x000000000000f81e        0x0 /usr/lib/gcc/msp430/4.6.3/mcpu-430x/mmpy-16/libcrt0.a(__init_stack.o)
 .text          0x000000000000f81e        0x0 /usr/lib/gcc/msp430/4.6.3/mcpu-430x/mmpy-16/libcrt0.a(__low_level_init.o)
 .text          0x000000000000f81e        0x0 /usr/lib/gcc/msp430/4.6.3/mcpu-430x/mmpy-16/libcrt0.a(_copy_data.o)
 .text          0x000000000000f81e        0x0 /usr/lib/gcc/msp430/4.6.3/mcpu-430x/mmpy-16/libcrt0.a(_clear_bss.o)
 .text          0x000000000000f81e        0x0 /usr/lib/gcc/msp430/4.6.3/mcpu-430x/mmpy-16/libcrt0.a(__stop_progExec__.o)
 .text          0x000000000000f81e        0x0 /usr/lib/gcc/msp430/4.6.3/mcpu-430x/mmpy-16/libcrt0.a(_endless_loop__.o)
 .text          0x000000000000f81e        0x0 /usr/lib/gcc/msp430/4.6.3/mcpu-430x/mmpy-16/libcrt0.a(_unexpected_.o)
 .text.crt0     0x000000000000f81e        0x2 /usr/lib/gcc/msp430/4.6.3/mcpu-430x/mmpy-16/libcrt0.a(_unexpected_.o)
                0x000000000000f81e                _unexpected_
                0x000000000000f820                . = ALIGN (0x2)

.rodata         0x000000000000f820      0x410
                0x000000000000f820                . = ALIGN (0x2)
 *(.rodata .rodata.* .gnu.linkonce.r.*)
 .rodata        0x000000000000f820       0x86 test.co
                0x000000000000f896                autostart_processes
 .rodata        0x000000000000f8a6      0x118 obj_z1/contiki-z1-main.o
 .rodata        0x000000000000f9be       0x2c contiki-z1.a(xmem.o)
 .rodata        0x000000000000f9ea       0x70 contiki-z1.a(cc2420.o)
                0x000000000000fa1c                cc2420_aes_128_driver
                0x000000000000fa20                cc2420_driver
 .rodata        0x000000000000fa5a        0x8 contiki-z1.a(sensors.o)
 .rodata        0x000000000000fa62       0x2e contiki-z1.a(adxl345.o)
                0x000000000000fa72                adxl345
 .rodata        0x000000000000fa90       0x16 contiki-z1.a(tmp102.o)
                0x000000000000fa9e                tmp102
 .rodata        0x000000000000faa6        0xc contiki-z1.a(etimer.o)
 .rodata        0x000000000000fab2        0xf contiki-z1.a(ctimer.o)
 *fill*         0x000000000000fac1        0x1 00
 .rodata        0x000000000000fac2       0x20 contiki-z1.a(uip6.o)
 .rodata        0x000000000000fae2       0x24 contiki-z1.a(sicslowpan.o)
                0x000000000000faee                sicslowpan_driver
                0x000000000000faf4                llprefix
                0x000000000000faf6                unc_mxconf
                0x000000000000fafa                unc_ctxconf
                0x000000000000fafe                unc_llconf
 .rodata        0x000000000000fb06       0x28 contiki-z1.a(uip-debug.o)
 .rodata        0x000000000000fb2e        0xd contiki-z1.a(tcpip.o)
 .rodata        0x000000000000fb3b       0x84 contiki-z1.a(rpl-dag.o)
 *fill*         0x000000000000fbbf        0x1 00
 .rodata        0x000000000000fbc0        0x8 contiki-z1.a(linkaddr.o)
                0x000000000000fbc0                linkaddr_null
 .rodata        0x000000000000fbc8       0x14 contiki-z1.a(csma.o)
                0x000000000000fbce                csma_driver
 .rodata        0x000000000000fbdc        0x6 contiki-z1.a(framer-802154.o)
                0x000000000000fbdc                framer_802154
 .rodata        0x000000000000fbe2       0x1c contiki-z1.a(contikimac.o)
                0x000000000000fbee                contikimac_driver
 .rodata        0x000000000000fbfe       0x10 contiki-z1.a(nullsec.o)
                0x000000000000fc06                nullsec_driver
 .rodata        0x000000000000fc0e       0x10 contiki-z1.a(button-sensor.o)
                0x000000000000fc16                button_sensor
 .rodata        0x000000000000fc1e        0x2 contiki-z1.a(frame802154.o)
 .rodata        0x000000000000fc20        0x8 /usr/lib/gcc/msp430/4.6.3/mcpu-430x/mmpy-16/libgcc.a(_thenan_sf.o)
                0x000000000000fc20                __thenan_sf
 .rodata        0x000000000000fc28        0x7 /usr/lib/gcc/msp430/4.6.3/../../../../msp430/lib/mcpu-430x/mmpy-16/libc.a(vuprintf.o)
                0x000000000000fc30                . = ALIGN (0x2)
 *fill*         0x000000000000fc2f        0x1 00
                0x000000000000fc30                _etext = .

.data           0x0000000000001100      0x12c load address 0x000000000000fc30
                0x0000000000001100                . = ALIGN (0x2)
                0x0000000000001100                PROVIDE (__data_start, .)
 *(.data .data.* .gnu.linkonce.d.*)
 .data          0x0000000000001100        0x0 /usr/lib/gcc/msp430/4.6.3/mcpu-430x/mmpy-16/crt0ivtbl32.o
 .data          0x0000000000001100       0x1a test.co
                0x0000000000001110                neuronal
 .data          0x000000000000111a        0x0 obj_z1/contiki-z1-main.o
 .data          0x000000000000111a        0x0 contiki-z1.a(contiki-z1-plat)
 .data          0x000000000000111a        0x2 contiki-z1.a(msp430.o)
 .data          0x000000000000111c        0x0 contiki-z1.a(leds.o)
 .data          0x000000000000111c        0x0 contiki-z1.a(watchdog.o)
 .data          0x000000000000111c        0x0 contiki-z1.a(xmem.o)
 .data          0x000000000000111c        0x0 contiki-z1.a(spi.o)
 .data          0x000000000000111c        0xc contiki-z1.a(cc2420.o)
                0x000000000000111c                cc2420_process
 .data          0x0000000000001128        0x0 contiki-z1.a(cc2420-arch.o)
 .data          0x0000000000001128        0x0 contiki-z1.a(node-id.o)
 .data          0x0000000000001128        0xa contiki-z1.a(sensors.o)
                0x0000000000001128                sensors_process
 .data          0x0000000000001132        0x0 contiki-z1.a(uart0.o)
 .data          0x0000000000001132        0x0 contiki-z1.a(uart0-putchar.o)
 .data          0x0000000000001132        0x8 contiki-z1.a(z1-sensors.o)
                0x0000000000001132                sensors
 .data          0x000000000000113a       0x20 contiki-z1.a(adxl345.o)
                0x000000000000113a                accmeter_process
 .data          0x000000000000115a        0x0 contiki-z1.a(tmp102.o)
 .data          0x000000000000115a        0x0 contiki-z1.a(clock.o)
 .data          0x000000000000115a        0x0 contiki-z1.a(leds-arch.o)
 .data          0x000000000000115a        0x0 contiki-z1.a(rtimer-arch.o)
 .data          0x000000000000115a        0x0 contiki-z1.a(autostart.o)
 .data          0x000000000000115a        0x0 contiki-z1.a(energest.o)
 .data          0x000000000000115a        0xa contiki-z1.a(etimer.o)
                0x000000000000115a                etimer_process
 .data          0x0000000000001164        0xa contiki-z1.a(ctimer.o)
                0x0000000000001164                ctimer_process
 .data          0x000000000000116e        0x0 contiki-z1.a(process.o)
 .data          0x000000000000116e        0x0 contiki-z1.a(rtimer.o)
 .data          0x000000000000116e        0x0 contiki-z1.a(timer.o)
 .data          0x000000000000116e        0x0 contiki-z1.a(list.o)
 .data          0x000000000000116e        0x0 contiki-z1.a(uip-ds6.o)
 .data          0x000000000000116e       0x22 contiki-z1.a(uip-ds6-route.o)
                0x000000000000116e                nbr_routes
 .data          0x0000000000001190        0x0 contiki-z1.a(uip6.o)
 .data          0x0000000000001190        0xa contiki-z1.a(uip-ds6-nbr.o)
                0x0000000000001190                ds6_neighbors
 .data          0x000000000000119a        0x6 contiki-z1.a(uip-nd6.o)
 .data          0x00000000000011a0        0x0 contiki-z1.a(sicslowpan.o)
 .data          0x00000000000011a0        0x0 contiki-z1.a(uip-debug.o)
 .data          0x00000000000011a0        0xa contiki-z1.a(tcpip.o)
                0x00000000000011a0                tcpip_process
 .data          0x00000000000011aa        0xa contiki-z1.a(rpl-dag.o)
                0x00000000000011aa                rpl_parents
 .data          0x00000000000011b4        0x0 contiki-z1.a(rpl-timers.o)
 .data          0x00000000000011b4        0x0 contiki-z1.a(rpl-ext-header.)
 .data          0x00000000000011b4        0x0 contiki-z1.a(rpl.o)
 .data          0x00000000000011b4       0x12 contiki-z1.a(rpl-mrhof.o)
                0x00000000000011b4                rpl_mrhof
 .data          0x00000000000011c6       0x1a contiki-z1.a(rpl-icmp6.o)
 .data          0x00000000000011e0       0x10 contiki-z1.a(queuebuf.o)
 .data          0x00000000000011f0        0x8 contiki-z1.a(nbr-table.o)
 .data          0x00000000000011f8        0x0 contiki-z1.a(packetbuf.o)
 .data          0x00000000000011f8        0x0 contiki-z1.a(linkaddr.o)
 .data          0x00000000000011f8        0x8 contiki-z1.a(link-stats.o)
 .data          0x0000000000001200       0x18 contiki-z1.a(csma.o)
 .data          0x0000000000001218        0x0 contiki-z1.a(mac.o)
 .data          0x0000000000001218        0x0 contiki-z1.a(framer-802154.o)
 .data          0x0000000000001218        0x0 contiki-z1.a(contikimac.o)
 .data          0x0000000000001218        0x0 contiki-z1.a(nullsec.o)
 .data          0x0000000000001218        0x1 contiki-z1.a(i2cmaster.o)
                0x0000000000001218                prescale_lsb
 .data          0x0000000000001219        0x0 contiki-z1.a(button-sensor.o)
 .data          0x0000000000001219        0x0 contiki-z1.a(stimer.o)
 .data          0x0000000000001219        0x0 contiki-z1.a(memb.o)
 *fill*         0x0000000000001219        0x1 00
 .data          0x000000000000121a        0xc contiki-z1.a(uip-icmp6.o)
 .data          0x0000000000001226        0x0 contiki-z1.a(rpl-nbr-policy.)
 .data          0x0000000000001226        0x0 contiki-z1.a(mac-sequence.o)
 .data          0x0000000000001226        0x2 contiki-z1.a(frame802154.o)
 .data          0x0000000000001228        0x0 /usr/lib/gcc/msp430/4.6.3/mcpu-430x/mmpy-16/libgcc.a(_mulsi3.o)
 .data          0x0000000000001228        0x0 /usr/lib/gcc/msp430/4.6.3/mcpu-430x/mmpy-16/libgcc.a(_udivmod16.o)
 .data          0x0000000000001228        0x0 /usr/lib/gcc/msp430/4.6.3/mcpu-430x/mmpy-16/libgcc.a(_divmod16.o)
 .data          0x0000000000001228        0x0 /usr/lib/gcc/msp430/4.6.3/mcpu-430x/mmpy-16/libgcc.a(_udivmod32.o)
 .data          0x0000000000001228        0x0 /usr/lib/gcc/msp430/4.6.3/mcpu-430x/mmpy-16/libgcc.a(_divmod32.o)
 .data          0x0000000000001228        0x0 /usr/lib/gcc/msp430/4.6.3/mcpu-430x/mmpy-16/libgcc.a(_addsub_sf.o)
 .data          0x0000000000001228        0x0 /usr/lib/gcc/msp430/4.6.3/mcpu-430x/mmpy-16/libgcc.a(_eq_sf.o)
 .data          0x0000000000001228        0x0 /usr/lib/gcc/msp430/4.6.3/mcpu-430x/mmpy-16/libgcc.a(_thenan_sf.o)
 .data          0x0000000000001228        0x0 /usr/lib/gcc/msp430/4.6.3/mcpu-430x/mmpy-16/libgcc.a(_pack_sf.o)
 .data          0x0000000000001228        0x0 /usr/lib/gcc/msp430/4.6.3/mcpu-430x/mmpy-16/libgcc.a(_unpack_sf.o)
 .data          0x0000000000001228        0x0 /usr/lib/gcc/msp430/4.6.3/mcpu-430x/mmpy-16/libgcc.a(_fpcmp_parts_sf.o)
 .data          0x0000000000001228        0x0 /usr/lib/gcc/msp430/4.6.3/../../../../msp430/lib/mcpu-430x/mmpy-16/libc.a(strncmp.o)
 .data          0x0000000000001228        0x0 /usr/lib/gcc/msp430/4.6.3/../../../../msp430/lib/mcpu-430x/mmpy-16/libc.a(memcmp.o)
 .data          0x0000000000001228        0x0 /usr/lib/gcc/msp430/4.6.3/../../../../msp430/lib/mcpu-430x/mmpy-16/libc.a(memcpy.o)
 .data          0x0000000000001228        0x0 /usr/lib/gcc/msp430/4.6.3/../../../../msp430/lib/mcpu-430x/mmpy-16/libc.a(memmove.o)
 .data          0x0000000000001228        0x0 /usr/lib/gcc/msp430/4.6.3/../../../../msp430/lib/mcpu-430x/mmpy-16/libc.a(memset.o)
 .data          0x0000000000001228        0x0 /usr/lib/gcc/msp430/4.6.3/../../../../msp430/lib/mcpu-430x/mmpy-16/libc.a(printf.o)
 .data          0x0000000000001228        0x0 /usr/lib/gcc/msp430/4.6.3/../../../../msp430/lib/mcpu-430x/mmpy-16/libc.a(vuprintf.o)
 .data          0x0000000000001228        0x0 /usr/lib/gcc/msp430/4.6.3/../../../../msp430/lib/mcpu-430x/mmpy-16/libc.a(puts.o)
 .data          0x0000000000001228        0x4 /usr/lib/gcc/msp430/4.6.3/../../../../msp430/lib/mcpu-430x/mmpy-16/libc.a(rand.o)
 .data          0x000000000000122c        0x0 /usr/lib/gcc/msp430/4.6.3/mcpu-430x/mmpy-16/libgcc.a(_udivmod64.o)
 .data          0x000000000000122c        0x0 /usr/lib/gcc/msp430/4.6.3/mcpu-430x/mmpy-16/libcrt0.a(_reset_vector__.o)
 .data          0x000000000000122c        0x0 /usr/lib/gcc/msp430/4.6.3/mcpu-430x/mmpy-16/libcrt0.a(__watchdog_support.o)
 .data          0x000000000000122c        0x0 /usr/lib/gcc/msp430/4.6.3/mcpu-430x/mmpy-16/libcrt0.a(__init_stack.o)
 .data          0x000000000000122c        0x0 /usr/lib/gcc/msp430/4.6.3/mcpu-430x/mmpy-16/libcrt0.a(__low_level_init.o)
 .data          0x000000000000122c        0x0 /usr/lib/gcc/msp430/4.6.3/mcpu-430x/mmpy-16/libcrt0.a(_copy_data.o)
 .data          0x000000000000122c        0x0 /usr/lib/gcc/msp430/4.6.3/mcpu-430x/mmpy-16/libcrt0.a(_clear_bss.o)
 .data          0x000000000000122c        0x0 /usr/lib/gcc/msp430/4.6.3/mcpu-430x/mmpy-16/libcrt0.a(__stop_progExec__.o)
 .data          0x000000000000122c        0x0 /usr/lib/gcc/msp430/4.6.3/mcpu-430x/mmpy-16/libcrt0.a(_endless_loop__.o)
 .data          0x000000000000122c        0x0 /usr/lib/gcc/msp430/4.6.3/mcpu-430x/mmpy-16/libcrt0.a(_unexpected_.o)
                0x000000000000122c                . = ALIGN (0x2)
                0x000000000000122c                _edata = .
                0x000000000000fc30                PROVIDE (__data_load_start, LOADADDR (.data))
                0x000000000000012c                PROVIDE (__data_size, SIZEOF (.data))

.bss            0x000000000000122c     0x1872 load address 0x000000000000fd5c
                0x000000000000122c                PROVIDE (__bss_start, .)
 *(.bss .bss.*)
 .bss           0x000000000000122c        0x0 /usr/lib/gcc/msp430/4.6.3/mcpu-430x/mmpy-16/crt0ivtbl32.o
 .bss           0x000000000000122c        0x0 test.co
 .bss           0x000000000000122c        0x4 obj_z1/contiki-z1-main.o
 .bss           0x0000000000001230        0x0 contiki-z1.a(contiki-z1-plat)
 .bss           0x0000000000001230        0x0 contiki-z1.a(msp430.o)
 .bss           0x0000000000001230        0x1 contiki-z1.a(leds.o)
 *fill*         0x0000000000001231        0x1 00
 .bss           0x0000000000001232        0x2 contiki-z1.a(watchdog.o)
 .bss           0x0000000000001234        0x0 contiki-z1.a(xmem.o)
 .bss           0x0000000000001234        0x2 contiki-z1.a(spi.o)
                0x0000000000001234                spi_busy
 .bss           0x0000000000001236        0xa contiki-z1.a(cc2420.o)
 .bss           0x0000000000001240        0x0 contiki-z1.a(cc2420-arch.o)
 .bss           0x0000000000001240        0x2 contiki-z1.a(node-id.o)
                0x0000000000001240                node_id
 .bss           0x0000000000001242        0x6 contiki-z1.a(sensors.o)
 .bss           0x0000000000001248        0x4 contiki-z1.a(uart0.o)
 .bss           0x000000000000124c        0x0 contiki-z1.a(uart0-putchar.o)
 .bss           0x000000000000124c        0x0 contiki-z1.a(z1-sensors.o)
 .bss           0x000000000000124c       0x16 contiki-z1.a(adxl345.o)
 .bss           0x0000000000001262        0x1 contiki-z1.a(tmp102.o)
 *fill*         0x0000000000001263        0x1 00
 .bss           0x0000000000001264        0xa contiki-z1.a(clock.o)
 .bss           0x000000000000126e        0x0 contiki-z1.a(leds-arch.o)
 .bss           0x000000000000126e        0x0 contiki-z1.a(rtimer-arch.o)
 .bss           0x000000000000126e        0x0 contiki-z1.a(autostart.o)
 .bss           0x000000000000126e        0x0 contiki-z1.a(energest.o)
 .bss           0x000000000000126e        0x6 contiki-z1.a(etimer.o)
 .bss           0x0000000000001274        0x4 contiki-z1.a(ctimer.o)
 .bss           0x0000000000001278       0x38 contiki-z1.a(process.o)
                0x0000000000001278                process_current
                0x000000000000127a                process_list
 .bss           0x00000000000012b0        0x2 contiki-z1.a(rtimer.o)
 .bss           0x00000000000012b2        0x0 contiki-z1.a(timer.o)
 .bss           0x00000000000012b2        0x0 contiki-z1.a(list.o)
 .bss           0x00000000000012b2       0x18 contiki-z1.a(uip-ds6.o)
 .bss           0x00000000000012ca      0x2ba contiki-z1.a(uip-ds6-route.o)
 .bss           0x0000000000001584        0xc contiki-z1.a(uip6.o)
                0x0000000000001584                uip_ext_opt_offset
                0x0000000000001586                uip_ext_len
                0x0000000000001588                uip_ext_bitmap
 .bss           0x0000000000001590      0x10e contiki-z1.a(uip-ds6-nbr.o)
 .bss           0x000000000000169e        0x8 contiki-z1.a(uip-nd6.o)
 .bss           0x00000000000016a6      0x6e6 contiki-z1.a(sicslowpan.o)
 .bss           0x0000000000001d8c        0x0 contiki-z1.a(uip-debug.o)
 .bss           0x0000000000001d8c       0x30 contiki-z1.a(tcpip.o)
 .bss           0x0000000000001dbc       0x5a contiki-z1.a(rpl-dag.o)
 .bss           0x0000000000001e16       0x18 contiki-z1.a(rpl-timers.o)
 .bss           0x0000000000001e2e        0x0 contiki-z1.a(rpl-ext-header.)
 .bss           0x0000000000001e2e        0x2 contiki-z1.a(rpl.o)
 .bss           0x0000000000001e30        0x0 contiki-z1.a(rpl-mrhof.o)
 .bss           0x0000000000001e30        0x0 contiki-z1.a(rpl-icmp6.o)
 .bss           0x0000000000001e30      0x2d0 contiki-z1.a(queuebuf.o)
 .bss           0x0000000000002100       0xda contiki-z1.a(nbr-table.o)
 .bss           0x00000000000021da       0x86 contiki-z1.a(packetbuf.o)
 .bss           0x0000000000002260        0x0 contiki-z1.a(linkaddr.o)
 .bss           0x0000000000002260       0x96 contiki-z1.a(link-stats.o)
 .bss           0x00000000000022f6       0x88 contiki-z1.a(csma.o)
 .bss           0x000000000000237e        0x0 contiki-z1.a(mac.o)
 .bss           0x000000000000237e        0x2 contiki-z1.a(framer-802154.o)
 .bss           0x0000000000002380       0x2a contiki-z1.a(contikimac.o)
 .bss           0x00000000000023aa        0x0 contiki-z1.a(nullsec.o)
 .bss           0x00000000000023aa        0x4 contiki-z1.a(i2cmaster.o)
                0x00000000000023aa                prescale_msb
 .bss           0x00000000000023ae        0x8 contiki-z1.a(button-sensor.o)
 .bss           0x00000000000023b6        0x0 contiki-z1.a(stimer.o)
 .bss           0x00000000000023b6        0x0 contiki-z1.a(memb.o)
 .bss           0x00000000000023b6       0x14 contiki-z1.a(uip-icmp6.o)
 .bss           0x00000000000023ca       0x20 contiki-z1.a(rpl-nbr-policy.)
 .bss           0x00000000000023ea       0xe0 contiki-z1.a(mac-sequence.o)
 .bss           0x00000000000024ca        0x0 contiki-z1.a(frame802154.o)
 .bss           0x00000000000024ca        0x0 /usr/lib/gcc/msp430/4.6.3/mcpu-430x/mmpy-16/libgcc.a(_mulsi3.o)
 .bss           0x00000000000024ca        0x0 /usr/lib/gcc/msp430/4.6.3/mcpu-430x/mmpy-16/libgcc.a(_udivmod16.o)
 .bss           0x00000000000024ca        0x0 /usr/lib/gcc/msp430/4.6.3/mcpu-430x/mmpy-16/libgcc.a(_divmod16.o)
 .bss           0x00000000000024ca        0x0 /usr/lib/gcc/msp430/4.6.3/mcpu-430x/mmpy-16/libgcc.a(_udivmod32.o)
 .bss           0x00000000000024ca        0x0 /usr/lib/gcc/msp430/4.6.3/mcpu-430x/mmpy-16/libgcc.a(_divmod32.o)
 .bss           0x00000000000024ca        0x0 /usr/lib/gcc/msp430/4.6.3/mcpu-430x/mmpy-16/libgcc.a(_addsub_sf.o)
 .bss           0x00000000000024ca        0x0 /usr/lib/gcc/msp430/4.6.3/mcpu-430x/mmpy-16/libgcc.a(_eq_sf.o)
 .bss           0x00000000000024ca        0x0 /usr/lib/gcc/msp430/4.6.3/mcpu-430x/mmpy-16/libgcc.a(_thenan_sf.o)
 .bss           0x00000000000024ca        0x0 /usr/lib/gcc/msp430/4.6.3/mcpu-430x/mmpy-16/libgcc.a(_pack_sf.o)
 .bss           0x00000000000024ca        0x0 /usr/lib/gcc/msp430/4.6.3/mcpu-430x/mmpy-16/libgcc.a(_unpack_sf.o)
 .bss           0x00000000000024ca        0x0 /usr/lib/gcc/msp430/4.6.3/mcpu-430x/mmpy-16/libgcc.a(_fpcmp_parts_sf.o)
 .bss           0x00000000000024ca        0x0 /usr/lib/gcc/msp430/4.6.3/../../../../msp430/lib/mcpu-430x/mmpy-16/libc.a(strncmp.o)
 .bss           0x00000000000024ca        0x0 /usr/lib/gcc/msp430/4.6.3/../../../../msp430/lib/mcpu-430x/mmpy-16/libc.a(memcmp.o)
 .bss           0x00000000000024ca        0x0 /usr/lib/gcc/msp430/4.6.3/../../../../msp430/lib/mcpu-430x/mmpy-16/libc.a(memcpy.o)
 .bss           0x00000000000024ca        0x0 /usr/lib/gcc/msp430/4.6.3/../../../../msp430/lib/mcpu-430x/mmpy-16/libc.a(memmove.o)
 .bss           0x00000000000024ca        0x0 /usr/lib/gcc/msp430/4.6.3/../../../../msp430/lib/mcpu-430x/mmpy-16/libc.a(memset.o)
 .bss           0x00000000000024ca        0x0 /usr/lib/gcc/msp430/4.6.3/../../../../msp430/lib/mcpu-430x/mmpy-16/libc.a(printf.o)
 .bss           0x00000000000024ca        0x0 /usr/lib/gcc/msp430/4.6.3/../../../../msp430/lib/mcpu-430x/mmpy-16/libc.a(vuprintf.o)
 .bss           0x00000000000024ca        0x0 /usr/lib/gcc/msp430/4.6.3/../../../../msp430/lib/mcpu-430x/mmpy-16/libc.a(puts.o)
 .bss           0x00000000000024ca        0x0 /usr/lib/gcc/msp430/4.6.3/../../../../msp430/lib/mcpu-430x/mmpy-16/libc.a(rand.o)
 .bss           0x00000000000024ca        0x0 /usr/lib/gcc/msp430/4.6.3/mcpu-430x/mmpy-16/libgcc.a(_udivmod64.o)
 .bss           0x00000000000024ca        0x0 /usr/lib/gcc/msp430/4.6.3/mcpu-430x/mmpy-16/libcrt0.a(_reset_vector__.o)
 .bss           0x00000000000024ca        0x0 /usr/lib/gcc/msp430/4.6.3/mcpu-430x/mmpy-16/libcrt0.a(__watchdog_support.o)
 .bss           0x00000000000024ca        0x0 /usr/lib/gcc/msp430/4.6.3/mcpu-430x/mmpy-16/libcrt0.a(__init_stack.o)
 .bss           0x00000000000024ca        0x0 /usr/lib/gcc/msp430/4.6.3/mcpu-430x/mmpy-16/libcrt0.a(__low_level_init.o)
 .bss           0x00000000000024ca        0x0 /usr/lib/gcc/msp430/4.6.3/mcpu-430x/mmpy-16/libcrt0.a(_copy_data.o)
 .bss           0x00000000000024ca        0x0 /usr/lib/gcc/msp430/4.6.3/mcpu-430x/mmpy-16/libcrt0.a(_clear_bss.o)
 .bss           0x00000000000024ca        0x0 /usr/lib/gcc/msp430/4.6.3/mcpu-430x/mmpy-16/libcrt0.a(__stop_progExec__.o)
 .bss           0x00000000000024ca        0x0 /usr/lib/gcc/msp430/4.6.3/mcpu-430x/mmpy-16/libcrt0.a(_endless_loop__.o)
 .bss           0x00000000000024ca        0x0 /usr/lib/gcc/msp430/4.6.3/mcpu-430x/mmpy-16/libcrt0.a(_unexpected_.o)
 *(COMMON)
 COMMON         0x00000000000024ca        0x2 contiki-z1.a(msp430.o)
                0x00000000000024ca                msp430_dco_required
 COMMON         0x00000000000024cc       0x10 contiki-z1.a(cc2420.o)
                0x00000000000024cc                cc2420_last_rssi
                0x00000000000024ce                cc2420_sfd_start_time
                0x00000000000024d0                cc2420_time_of_departure
                0x00000000000024d2                cc2420_time_of_arrival
                0x00000000000024d4                cc2420_last_correlation
                0x00000000000024d6                cc2420_authority_level_of_sender
                0x00000000000024d8                cc2420_sfd_counter
                0x00000000000024da                cc2420_sfd_end_time
 COMMON         0x00000000000024dc        0x8 contiki-z1.a(node-id.o)
                0x00000000000024dc                node_mac
 COMMON         0x00000000000024e4        0x1 contiki-z1.a(sensors.o)
                0x00000000000024e4                sensors_event
 *fill*         0x00000000000024e5        0x1 00
 COMMON         0x00000000000024e6        0x4 contiki-z1.a(z1-sensors.o)
                0x00000000000024e6                sensors_flags
 COMMON         0x00000000000024ea        0x4 contiki-z1.a(adxl345.o)
                0x00000000000024ea                accm_int2_cb
                0x00000000000024ec                accm_int1_cb
 COMMON         0x00000000000024ee       0x56 contiki-z1.a(energest.o)
                0x00000000000024ee                energest_total_time
                0x000000000000251e                energest_total_count
                0x0000000000002520                energest_current_mode
                0x000000000000252c                energest_current_time
 COMMON         0x0000000000002544        0x1 contiki-z1.a(process.o)
                0x0000000000002544                process_maxevents
 *fill*         0x0000000000002545        0x1 00
 COMMON         0x0000000000002546      0x15c contiki-z1.a(uip-ds6.o)
                0x0000000000002546                uip_ds6_timer_ra
                0x000000000000254e                uip_ds6_if
                0x000000000000263a                uip_ds6_netif_addr_list_offset
                0x000000000000263b                uip_ds6_addr_size
                0x000000000000263c                uip_ds6_prefix_list
                0x0000000000002696                uip_ds6_timer_periodic
 COMMON         0x00000000000026a2      0x2a0 contiki-z1.a(uip6.o)
                0x00000000000026a2                uip_len
                0x00000000000026a4                uip_sappdata
                0x00000000000026a6                uip_acc32
                0x00000000000026aa                uip_lladdr
                0x00000000000026b2                uip_aligned_buf
                0x000000000000273e                uip_flags
                0x0000000000002740                uip_next_hdr
                0x0000000000002742                uip_udp_conn
                0x0000000000002744                uip_appdata
                0x0000000000002746                uip_conn
                0x0000000000002748                uip_conns
                0x00000000000027f8                uip_listenports
                0x0000000000002808                uip_slen
                0x000000000000280a                uip_udp_conns
 COMMON         0x0000000000002942        0x1 contiki-z1.a(tcpip.o)
                0x0000000000002942                tcpip_event
 *fill*         0x0000000000002943        0x1 00
 COMMON         0x0000000000002944      0x100 contiki-z1.a(rpl-dag.o)
                0x0000000000002944                default_instance
                0x0000000000002946                instance_table
 COMMON         0x0000000000002a44       0x2e contiki-z1.a(packetbuf.o)
                0x0000000000002a44                packetbuf_addrs
                0x0000000000002a54                packetbuf_attrs
 COMMON         0x0000000000002a72        0x8 contiki-z1.a(linkaddr.o)
                0x0000000000002a72                linkaddr_node_addr
 COMMON         0x0000000000002a7a       0x14 contiki-z1.a(link-stats.o)
                0x0000000000002a7a                periodic_timer
 COMMON         0x0000000000002a8e       0x10 contiki-z1.a(i2cmaster.o)
                0x0000000000002a8e                transmit_data1
                0x0000000000002a8f                rx_byte_ctr
                0x0000000000002a90                tx_buf_ptr
                0x0000000000002a92                tx_byte_ctr
                0x0000000000002a94                i
                0x0000000000002a96                receive_data
                0x0000000000002a98                rx_buf
                0x0000000000002a9a                transmit_data2
                0x0000000000002a9c                rx_buf_ptr
                0x0000000000002a9e                . = ALIGN (0x2)
                0x0000000000002a9e                PROVIDE (__bss_end, .)
                0x0000000000001872                PROVIDE (__bss_size, SIZEOF (.bss))

.noinit         0x0000000000002a9e        0x2 load address 0x000000000000fd5c
                0x0000000000002a9e                PROVIDE (__noinit_start, .)
 *(.noinit .noinit.*)
 .noinit.crt0   0x0000000000002a9e        0x2 /usr/lib/gcc/msp430/4.6.3/mcpu-430x/mmpy-16/libcrt0.a(__watchdog_support.o)
                0x0000000000002a9e                __wdt_clear_value
                0x0000000000002aa0                . = ALIGN (0x2)
                0x0000000000002aa0                PROVIDE (__noinit_end, .)
                0x0000000000002aa0                . = ALIGN (0x2)
                0x0000000000002aa0                _end = .

.infomem        0x0000000000001000        0x0
 *(.infomem)
                0x0000000000001000                . = ALIGN (0x2)
 *(.infomem.*)

.infomemnobits  0x0000000000001000        0x0
 *(.infomemnobits)
                0x0000000000001000                . = ALIGN (0x2)
 *(.infomemnobits.*)

.infoa
 *(.infoa .infoa.*)

.infob
 *(.infob .infob.*)

.infoc
 *(.infoc .infoc.*)

.infod
 *(.infod .infod.*)

.vectors        0x000000000000ffc0       0x40
                0x000000000000ffc0                PROVIDE (__vectors_start, .)
 *(.vectors*)
 .vectors       0x000000000000ffc0       0x40 /usr/lib/gcc/msp430/4.6.3/mcpu-430x/mmpy-16/crt0ivtbl32.o
                0x000000000000ffc0                __ivtbl_32
                0x0000000000010000                _vectors_end = .

.fartext        0x0000000000010000        0x0
                0x0000000000010000                . = ALIGN (0x2)
 *(.fartext)
                0x0000000000010000                . = ALIGN (0x2)
 *(.fartext.*)
                0x0000000000010000                _efartext = .

.profiler
 *(.profiler)

.stab           0x0000000000000000    0x2c100
 *(.stab)
 .stab          0x0000000000000000     0x10ec test.co
 .stab          0x00000000000010ec     0x1800 obj_z1/contiki-z1-main.o
                                       0x1b78 (size before relaxing)
 .stab          0x00000000000028ec      0x24c contiki-z1.a(contiki-z1-plat)
                                        0x5a0 (size before relaxing)
 .stab          0x0000000000002b38      0x588 contiki-z1.a(msp430.o)
                                        0x8dc (size before relaxing)
 .stab          0x00000000000030c0      0x5dc contiki-z1.a(leds.o)
                                        0x828 (size before relaxing)
 .stab          0x000000000000369c      0x3fc contiki-z1.a(watchdog.o)
                                        0x750 (size before relaxing)
 .stab          0x0000000000003a98      0x9fc contiki-z1.a(xmem.o)
                                        0xf3c (size before relaxing)
 .stab          0x0000000000004494      0x288 contiki-z1.a(spi.o)
                                        0x5dc (size before relaxing)
 .stab          0x000000000000471c     0x28c8 contiki-z1.a(cc2420.o)
                                       0x2fe8 (size before relaxing)
 .stab          0x0000000000006fe4      0xcc0 contiki-z1.a(cc2420-arch.o)
                                       0x16b0 (size before relaxing)
 .stab          0x0000000000007ca4      0x300 contiki-z1.a(node-id.o)
                                        0x6d8 (size before relaxing)
 .stab          0x0000000000007fa4      0x654 contiki-z1.a(sensors.o)
                                        0xb70 (size before relaxing)
 .stab          0x00000000000085f8      0x504 contiki-z1.a(uart0.o)
                                        0xa38 (size before relaxing)
 .stab          0x0000000000008afc      0x234 contiki-z1.a(uart0-putchar.o)
                                        0x588 (size before relaxing)
 .stab          0x0000000000008d30      0x3a8 contiki-z1.a(z1-sensors.o)
                                        0x78c (size before relaxing)
 .stab          0x00000000000090d8      0xd2c contiki-z1.a(adxl345.o)
                                       0x135c (size before relaxing)
 .stab          0x0000000000009e04      0x81c contiki-z1.a(tmp102.o)
                                        0xd74 (size before relaxing)
 .stab          0x000000000000a620      0x948 contiki-z1.a(clock.o)
                                        0xc9c (size before relaxing)
 .stab          0x000000000000af68      0x3a8 contiki-z1.a(leds-arch.o)
                                        0x6fc (size before relaxing)
 .stab          0x000000000000b310      0x3cc contiki-z1.a(rtimer-arch.o)
                                        0x720 (size before relaxing)
 .stab          0x000000000000b6dc      0x294 contiki-z1.a(autostart.o)
                                        0x534 (size before relaxing)
 .stab          0x000000000000b970      0x474 contiki-z1.a(energest.o)
                                        0x6fc (size before relaxing)
 .stab          0x000000000000bde4      0xabc contiki-z1.a(etimer.o)
                                        0xd8c (size before relaxing)
 .stab          0x000000000000c8a0      0x858 contiki-z1.a(ctimer.o)
                                        0xbc4 (size before relaxing)
 .stab          0x000000000000d0f8      0xba0 contiki-z1.a(process.o)
                                       0x1038 (size before relaxing)
 .stab          0x000000000000dc98      0x3d8 contiki-z1.a(rtimer.o)
                                        0x6c0 (size before relaxing)
 .stab          0x000000000000e070      0x354 contiki-z1.a(timer.o)
                                        0x594 (size before relaxing)
 .stab          0x000000000000e3c4      0x7f8 contiki-z1.a(list.o)
                                        0x804 (size before relaxing)
 .stab          0x000000000000ebbc     0x14f4 contiki-z1.a(uip-ds6.o)
                                       0x210c (size before relaxing)
 .stab          0x00000000000100b0     0x1380 contiki-z1.a(uip-ds6-route.o)
                                       0x1f98 (size before relaxing)
 .stab          0x0000000000011430     0x2a54 contiki-z1.a(uip6.o)
                                       0x3750 (size before relaxing)
 .stab          0x0000000000013e84      0xcd8 contiki-z1.a(uip-ds6-nbr.o)
                                       0x15a8 (size before relaxing)
 .stab          0x0000000000014b5c      0x780 contiki-z1.a(uip-nd6.o)
                                       0x13ec (size before relaxing)
 .stab          0x00000000000152dc     0x2910 contiki-z1.a(sicslowpan.o)
                                       0x3318 (size before relaxing)
 .stab          0x0000000000017bec      0x3d8 contiki-z1.a(uip-debug.o)
                                        0xbac (size before relaxing)
 .stab          0x0000000000017fc4     0x14c4 contiki-z1.a(tcpip.o)
                                       0x2700 (size before relaxing)
 .stab          0x0000000000019488     0x36cc contiki-z1.a(rpl-dag.o)
                                       0x4380 (size before relaxing)
 .stab          0x000000000001cb54      0xfc0 contiki-z1.a(rpl-timers.o)
                                       0x1d94 (size before relaxing)
 .stab          0x000000000001db14      0xa50 contiki-z1.a(rpl-ext-header.)
                                       0x1860 (size before relaxing)
 .stab          0x000000000001e564      0xb70 contiki-z1.a(rpl.o)
                                       0x198c (size before relaxing)
 .stab          0x000000000001f0d4      0x9d8 contiki-z1.a(rpl-mrhof.o)
                                       0x17ac (size before relaxing)
 .stab          0x000000000001faac     0x1a4c contiki-z1.a(rpl-icmp6.o)
                                       0x28a4 (size before relaxing)
 .stab          0x00000000000214f8      0xaa4 contiki-z1.a(queuebuf.o)
                                       0x1bc0 (size before relaxing)
 .stab          0x0000000000021f9c      0xfd8 contiki-z1.a(nbr-table.o)
                                       0x1944 (size before relaxing)
 .stab          0x0000000000022f74      0xc6c contiki-z1.a(packetbuf.o)
                                       0x1da0 (size before relaxing)
 .stab          0x0000000000023be0      0x2c4 contiki-z1.a(linkaddr.o)
                                        0x6c0 (size before relaxing)
 .stab          0x0000000000023ea4      0x7d4 contiki-z1.a(link-stats.o)
                                       0x11a0 (size before relaxing)
 .stab          0x0000000000024678     0x1134 contiki-z1.a(csma.o)
                                       0x165c (size before relaxing)
 .stab          0x00000000000257ac      0x1f8 contiki-z1.a(mac.o)
                                        0x4ec (size before relaxing)
 .stab          0x00000000000259a4      0x90c contiki-z1.a(framer-802154.o)
                                        0xf18 (size before relaxing)
 .stab          0x00000000000262b0     0x165c contiki-z1.a(contikimac.o)